task=5 base=OVA-C4-IPTM80-19C states=AB->AC budget=20
target directed contacts fold=8208 first=410 second=360
1 models [0] recycles 0 hard 0 soft 0.07 temp 1 seqid 1 loss 17.58 pae 0.23 i_pae 0.95 i_con 3.86 dgram_cce 0.34 fape 0.62 plddt 0.83 ptm 0.51 i_ptm 0.13 rmsd 18.52 first_target_con 2.28 fold_target_con 0.02 mutation_budget 0 mutation_sparse 0.05
2 models [0] recycles 0 hard 0 soft 0.13 temp 1 seqid 1 loss 17.12 pae 0.24 i_pae 0.95 i_con 3.82 dgram_cce 0.34 fape 0.62 plddt 0.82 ptm 0.51 i_ptm 0.13 rmsd 17.36 first_target_con 2.21 fold_target_con 0.02 mutation_budget 0.00 mutation_sparse 0.05
3 models [0] recycles 0 hard 0 soft 0.20 temp 1 seqid 1 loss 15.16 pae 0.23 i_pae 0.94 i_con 4.00 dgram_cce 0.34 fape 0.62 plddt 0.84 ptm 0.51 i_ptm 0.13 rmsd 14.81 first_target_con 1.92 fold_target_con 0.02 mutation_budget 0.00 mutation_sparse 0.06
4 models [0] recycles 0 hard 0 soft 0.27 temp 1 seqid 1 loss 15.16 pae 0.23 i_pae 0.93 i_con 3.95 dgram_cce 0.33 fape 0.62 plddt 0.84 ptm 0.51 i_ptm 0.14 rmsd 16.90 first_target_con 1.91 fold_target_con 0.02 mutation_budget 0.01 mutation_sparse 0.06
5 models [0] recycles 0 hard 0 soft 0.33 temp 1 seqid 1 loss 14.83 pae 0.23 i_pae 0.94 i_con 3.98 dgram_cce 0.34 fape 0.62 plddt 0.83 ptm 0.51 i_ptm 0.14 rmsd 14.04 first_target_con 1.85 fold_target_con 0.02 mutation_budget 0.01 mutation_sparse 0.06
6 models [0] recycles 0 hard 0 soft 0.40 temp 1 seqid 1 loss 15.29 pae 0.23 i_pae 0.93 i_con 3.90 dgram_cce 0.33 fape 0.62 plddt 0.83 ptm 0.51 i_ptm 0.14 rmsd 16.37 first_target_con 1.90 fold_target_con 0.02 mutation_budget 0.02 mutation_sparse 0.06
7 models [0] recycles 0 hard 0 soft 0.47 temp 1 seqid 1 loss 14.32 pae 0.23 i_pae 0.92 i_con 3.99 dgram_cce 0.33 fape 0.62 plddt 0.83 ptm 0.52 i_ptm 0.15 rmsd 16.70 first_target_con 1.74 fold_target_con 0.02 mutation_budget 0.03 mutation_sparse 0.06
8 models [0] recycles 0 hard 0 soft 0.53 temp 1 seqid 1 loss 13.08 pae 0.23 i_pae 0.90 i_con 3.91 dgram_cce 0.33 fape 0.62 plddt 0.83 ptm 0.52 i_ptm 0.16 rmsd 18.69 first_target_con 1.55 fold_target_con 0.02 mutation_budget 0.03 mutation_sparse 0.06
9 models [0] recycles 0 hard 0 soft 0.60 temp 1 seqid 1 loss 11.03 pae 0.22 i_pae 0.89 i_con 4.01 dgram_cce 0.33 fape 0.61 plddt 0.84 ptm 0.53 i_ptm 0.17 rmsd 14.15 first_target_con 1.24 fold_target_con 0.02 mutation_budget 0.04 mutation_sparse 0.06
10 models [0] recycles 0 hard 0 soft 0.67 temp 1 seqid 1 loss 12.39 pae 0.23 i_pae 0.88 i_con 4.02 dgram_cce 0.33 fape 0.61 plddt 0.83 ptm 0.53 i_ptm 0.18 rmsd 17.73 first_target_con 1.42 fold_target_con 0.02 mutation_budget 0.05 mutation_sparse 0.06
11 models [0] recycles 0 hard 0 soft 0.73 temp 1 seqid 1 loss 9.40 pae 0.22 i_pae 0.81 i_con 4.03 dgram_cce 0.32 fape 0.60 plddt 0.84 ptm 0.56 i_ptm 0.27 rmsd 24.14 first_target_con 0.96 fold_target_con 0.02 mutation_budget 0.06 mutation_sparse 0.06
12 models [0] recycles 0 hard 0 soft 0.80 temp 1 seqid 1 loss 11.46 pae 0.23 i_pae 0.87 i_con 3.90 dgram_cce 0.33 fape 0.60 plddt 0.84 ptm 0.53 i_ptm 0.20 rmsd 19.43 first_target_con 1.20 fold_target_con 0.02 mutation_budget 0.08 mutation_sparse 0.07
13 models [0] recycles 0 hard 0 soft 0.87 temp 1 seqid 1 loss 10.06 pae 0.22 i_pae 0.79 i_con 3.94 dgram_cce 0.33 fape 0.61 plddt 0.84 ptm 0.57 i_ptm 0.29 rmsd 20.94 first_target_con 0.96 fold_target_con 0.02 mutation_budget 0.10 mutation_sparse 0.07
14 models [0] recycles 0 hard 0 soft 0.93 temp 1 seqid 1 loss 15.84 pae 0.23 i_pae 0.91 i_con 3.84 dgram_cce 0.34 fape 0.62 plddt 0.83 ptm 0.52 i_ptm 0.16 rmsd 17.07 first_target_con 1.72 fold_target_con 0.02 mutation_budget 0.12 mutation_sparse 0.07
15 models [0] recycles 0 hard 0 soft 1 temp 1 seqid 1.00 loss 16.95 pae 0.23 i_pae 0.92 i_con 3.87 dgram_cce 0.34 fape 0.62 plddt 0.83 ptm 0.52 i_ptm 0.15 rmsd 14.54 first_target_con 1.83 fold_target_con 0.02 mutation_budget 0.14 mutation_sparse 0.07
16 models [0] recycles 0 hard 0 soft 1 temp 0.78 seqid 1.00 loss 14.77 pae 0.23 i_pae 0.91 i_con 3.89 dgram_cce 0.34 fape 0.62 plddt 0.83 ptm 0.52 i_ptm 0.15 rmsd 17.63 first_target_con 1.74 fold_target_con 0.02 mutation_budget 0.05 mutation_sparse 0.06
17 models [0] recycles 0 hard 0 soft 1 temp 0.58 seqid 0.99 loss 17.98 pae 0.24 i_pae 0.95 i_con 3.82 dgram_cce 0.35 fape 0.63 plddt 0.82 ptm 0.51 i_ptm 0.13 rmsd 18.28 first_target_con 2.32 fold_target_con 0.02 mutation_budget 0.01 mutation_sparse 0.06
18 models [0] recycles 0 hard 0 soft 1 temp 0.42 seqid 1.00 loss 16.03 pae 0.23 i_pae 0.93 i_con 3.86 dgram_cce 0.35 fape 0.63 plddt 0.83 ptm 0.51 i_ptm 0.15 rmsd 16.69 first_target_con 2.06 fold_target_con 0.02 mutation_budget 0 mutation_sparse 0.05
19 models [0] recycles 0 hard 0 soft 1 temp 0.29 seqid 1.00 loss 15.56 pae 0.24 i_pae 0.93 i_con 3.85 dgram_cce 0.35 fape 0.63 plddt 0.82 ptm 0.51 i_ptm 0.14 rmsd 16.68 first_target_con 1.99 fold_target_con 0.02 mutation_budget 0 mutation_sparse 0.05
20 models [0] recycles 0 hard 0 soft 1 temp 0.18 seqid 1.00 loss 15.70 pae 0.24 i_pae 0.92 i_con 3.81 dgram_cce 0.34 fape 0.63 plddt 0.82 ptm 0.51 i_ptm 0.14 rmsd 14.95 first_target_con 2.01 fold_target_con 0.02 mutation_budget 0 mutation_sparse 0.05
21 models [0] recycles 0 hard 0 soft 1 temp 0.11 seqid 1.00 loss 17.35 pae 0.24 i_pae 0.93 i_con 3.81 dgram_cce 0.34 fape 0.62 plddt 0.82 ptm 0.51 i_ptm 0.14 rmsd 15.44 first_target_con 2.25 fold_target_con 0.02 mutation_budget 0 mutation_sparse 0.05
22 models [0] recycles 0 hard 0 soft 1 temp 0.06 seqid 0.99 loss 16.33 pae 0.24 i_pae 0.94 i_con 3.86 dgram_cce 0.34 fape 0.62 plddt 0.82 ptm 0.51 i_ptm 0.14 rmsd 15.91 first_target_con 2.10 fold_target_con 0.02 mutation_budget 0 mutation_sparse 0.05
23 models [0] recycles 0 hard 0 soft 1 temp 0.05 seqid 0.99 loss 15.10 pae 0.23 i_pae 0.93 i_con 3.83 dgram_cce 0.34 fape 0.62 plddt 0.82 ptm 0.51 i_ptm 0.15 rmsd 13.87 first_target_con 1.93 fold_target_con 0.02 mutation_budget 0 mutation_sparse 0.05
24 models [0] recycles 0 hard 1 soft 1 temp 0.05 seqid 0.99 loss 12.84 pae 0.22 i_pae 0.90 i_con 3.86 dgram_cce 0.32 fape 0.61 plddt 0.81 ptm 0.53 i_ptm 0.15 rmsd 12.89 first_target_con 1.61 fold_target_con 0.02 mutation_budget 0 mutation_sparse 0.05
25 models [0] recycles 0 hard 1 soft 1 temp 0.05 seqid 0.99 loss 12.84 pae 0.22 i_pae 0.90 i_con 3.86 dgram_cce 0.32 fape 0.61 plddt 0.81 ptm 0.53 i_ptm 0.15 rmsd 12.89 first_target_con 1.61 fold_target_con 0.02 mutation_budget 0 mutation_sparse 0.05
26 models [0] recycles 0 hard 1 soft 1 temp 0.05 seqid 0.99 loss 14.55 pae 0.22 i_pae 0.91 i_con 3.84 dgram_cce 0.33 fape 0.61 plddt 0.82 ptm 0.53 i_ptm 0.15 rmsd 18.53 first_target_con 1.85 fold_target_con 0.02 mutation_budget 0 mutation_sparse 0.05
27 models [0] recycles 0 hard 1 soft 1 temp 0.05 seqid 0.99 loss 14.55 pae 0.22 i_pae 0.91 i_con 3.84 dgram_cce 0.33 fape 0.61 plddt 0.82 ptm 0.53 i_ptm 0.15 rmsd 18.53 first_target_con 1.85 fold_target_con 0.02 mutation_budget 0 mutation_sparse 0.05
28 models [0] recycles 0 hard 1 soft 1 temp 0.05 seqid 0.99 loss 14.55 pae 0.22 i_pae 0.91 i_con 3.84 dgram_cce 0.33 fape 0.61 plddt 0.82 ptm 0.53 i_ptm 0.15 rmsd 18.53 first_target_con 1.85 fold_target_con 0.02 mutation_budget 0 mutation_sparse 0.05
FINAL c2diff_seed515_current_fixed_b20 loss=9.399 pLDDT=0.843 ipTM=0.265 mutations=19
target directed contacts fold=8202 first=508 second=254
1 models [0] recycles 0 hard 0 soft 0.07 temp 1 seqid 1 loss 24.32 pae 0.24 i_pae 0.94 i_con 3.89 dgram_cce 0.38 fape 0.62 plddt 0.83 ptm 0.51 i_ptm 0.14 rmsd 35.23 first_target_con 3.24 fold_target_con 0.02 mutation_budget 0.00 mutation_sparse 0.05
2 models [0] recycles 0 hard 0 soft 0.13 temp 1 seqid 1 loss 22.07 pae 0.24 i_pae 0.94 i_con 3.81 dgram_cce 0.38 fape 0.62 plddt 0.82 ptm 0.51 i_ptm 0.13 rmsd 21.00 first_target_con 2.89 fold_target_con 0.02 mutation_budget 0.01 mutation_sparse 0.06
3 models [0] recycles 0 hard 0 soft 0.20 temp 1 seqid 1 loss 22.70 pae 0.24 i_pae 0.93 i_con 3.86 dgram_cce 0.38 fape 0.62 plddt 0.82 ptm 0.51 i_ptm 0.14 rmsd 28.70 first_target_con 2.95 fold_target_con 0.03 mutation_budget 0.02 mutation_sparse 0.06
4 models [0] recycles 0 hard 0 soft 0.27 temp 1 seqid 1 loss 21.87 pae 0.23 i_pae 0.95 i_con 3.87 dgram_cce 0.37 fape 0.61 plddt 0.83 ptm 0.51 i_ptm 0.13 rmsd 19.89 first_target_con 2.81 fold_target_con 0.02 mutation_budget 0.03 mutation_sparse 0.06
5 models [0] recycles 0 hard 0 soft 0.33 temp 1 seqid 1 loss 21.79 pae 0.24 i_pae 0.94 i_con 3.83 dgram_cce 0.37 fape 0.61 plddt 0.83 ptm 0.51 i_ptm 0.13 rmsd 24.91 first_target_con 2.77 fold_target_con 0.02 mutation_budget 0.04 mutation_sparse 0.06
6 models [0] recycles 0 hard 0 soft 0.40 temp 1 seqid 1 loss 21.15 pae 0.23 i_pae 0.93 i_con 3.86 dgram_cce 0.37 fape 0.62 plddt 0.83 ptm 0.51 i_ptm 0.14 rmsd 23.42 first_target_con 2.60 fold_target_con 0.02 mutation_budget 0.07 mutation_sparse 0.07
7 models [0] recycles 0 hard 0 soft 0.47 temp 1 seqid 1 loss 20.37 pae 0.23 i_pae 0.93 i_con 3.88 dgram_cce 0.37 fape 0.61 plddt 0.83 ptm 0.52 i_ptm 0.13 rmsd 19.75 first_target_con 2.42 fold_target_con 0.02 mutation_budget 0.10 mutation_sparse 0.07
8 models [0] recycles 0 hard 0 soft 0.53 temp 1 seqid 1 loss 19.38 pae 0.23 i_pae 0.92 i_con 3.90 dgram_cce 0.36 fape 0.61 plddt 0.83 ptm 0.52 i_ptm 0.15 rmsd 17.57 first_target_con 2.19 fold_target_con 0.02 mutation_budget 0.13 mutation_sparse 0.07
9 models [0] recycles 0 hard 0 soft 0.60 temp 1 seqid 1 loss 20.02 pae 0.23 i_pae 0.91 i_con 3.84 dgram_cce 0.36 fape 0.56 plddt 0.83 ptm 0.53 i_ptm 0.16 rmsd 9.20 first_target_con 2.11 fold_target_con 0.02 mutation_budget 0.20 mutation_sparse 0.07
10 models [0] recycles 0 hard 0 soft 0.67 temp 1 seqid 1 loss 14.08 pae 0.22 i_pae 0.78 i_con 3.84 dgram_cce 0.35 fape 0.42 plddt 0.84 ptm 0.58 i_ptm 0.29 rmsd 3.84 first_target_con 1.16 fold_target_con 0.02 mutation_budget 0.25 mutation_sparse 0.08
11 models [0] recycles 0 hard 0 soft 0.73 temp 1 seqid 1 loss 22.03 pae 0.23 i_pae 0.90 i_con 3.91 dgram_cce 0.36 fape 0.57 plddt 0.83 ptm 0.52 i_ptm 0.16 rmsd 12.26 first_target_con 2.06 fold_target_con 0.02 mutation_budget 0.33 mutation_sparse 0.08
12 models [0] recycles 0 hard 0 soft 0.80 temp 1 seqid 1.00 loss 24.03 pae 0.23 i_pae 0.92 i_con 3.87 dgram_cce 0.37 fape 0.59 plddt 0.83 ptm 0.52 i_ptm 0.14 rmsd 14.99 first_target_con 2.16 fold_target_con 0.02 mutation_budget 0.40 mutation_sparse 0.08
13 models [0] recycles 0 hard 0 soft 0.87 temp 1 seqid 1.00 loss 24.07 pae 0.22 i_pae 0.92 i_con 3.85 dgram_cce 0.36 fape 0.60 plddt 0.83 ptm 0.52 i_ptm 0.14 rmsd 16.64 first_target_con 2.09 fold_target_con 0.02 mutation_budget 0.43 mutation_sparse 0.09
14 models [0] recycles 0 hard 0 soft 0.93 temp 1 seqid 1 loss 28.20 pae 0.23 i_pae 0.94 i_con 3.92 dgram_cce 0.37 fape 0.62 plddt 0.83 ptm 0.51 i_ptm 0.13 rmsd 21.57 first_target_con 2.59 fold_target_con 0.02 mutation_budget 0.47 mutation_sparse 0.09
15 models [0] recycles 0 hard 0 soft 1 temp 1 seqid 1.00 loss 29.43 pae 0.23 i_pae 0.93 i_con 3.92 dgram_cce 0.37 fape 0.61 plddt 0.83 ptm 0.52 i_ptm 0.14 rmsd 28.70 first_target_con 2.62 fold_target_con 0.02 mutation_budget 0.52 mutation_sparse 0.09
16 models [0] recycles 0 hard 0 soft 1 temp 0.78 seqid 1.00 loss 22.71 pae 0.23 i_pae 0.94 i_con 3.92 dgram_cce 0.37 fape 0.61 plddt 0.83 ptm 0.51 i_ptm 0.13 rmsd 27.22 first_target_con 2.66 fold_target_con 0.02 mutation_budget 0.13 mutation_sparse 0.07
17 models [0] recycles 0 hard 0 soft 1 temp 0.58 seqid 1.00 loss 20.42 pae 0.23 i_pae 0.93 i_con 3.90 dgram_cce 0.37 fape 0.61 plddt 0.83 ptm 0.51 i_ptm 0.14 rmsd 28.46 first_target_con 2.63 fold_target_con 0.02 mutation_budget 0.02 mutation_sparse 0.06
18 models [0] recycles 0 hard 0 soft 1 temp 0.42 seqid 0.99 loss 21.97 pae 0.25 i_pae 0.95 i_con 3.83 dgram_cce 0.38 fape 0.62 plddt 0.82 ptm 0.50 i_ptm 0.13 rmsd 24.00 first_target_con 2.90 fold_target_con 0.03 mutation_budget 0.00 mutation_sparse 0.05
19 models [0] recycles 0 hard 0 soft 1 temp 0.29 seqid 0.99 loss 22.12 pae 0.23 i_pae 0.95 i_con 3.88 dgram_cce 0.38 fape 0.62 plddt 0.83 ptm 0.51 i_ptm 0.13 rmsd 27.46 first_target_con 2.92 fold_target_con 0.02 mutation_budget 0.00 mutation_sparse 0.05
20 models [0] recycles 0 hard 0 soft 1 temp 0.18 seqid 0.99 loss 22.07 pae 0.24 i_pae 0.94 i_con 3.88 dgram_cce 0.38 fape 0.62 plddt 0.82 ptm 0.51 i_ptm 0.13 rmsd 30.64 first_target_con 2.91 fold_target_con 0.03 mutation_budget 0.00 mutation_sparse 0.05
21 models [0] recycles 0 hard 0 soft 1 temp 0.11 seqid 0.99 loss 22.49 pae 0.24 i_pae 0.95 i_con 3.92 dgram_cce 0.38 fape 0.62 plddt 0.82 ptm 0.50 i_ptm 0.13 rmsd 27.70 first_target_con 2.97 fold_target_con 0.03 mutation_budget 0.00 mutation_sparse 0.05
22 models [0] recycles 0 hard 0 soft 1 temp 0.06 seqid 0.99 loss 21.66 pae 0.24 i_pae 0.94 i_con 3.88 dgram_cce 0.38 fape 0.62 plddt 0.82 ptm 0.51 i_ptm 0.13 rmsd 27.19 first_target_con 2.86 fold_target_con 0.02 mutation_budget 0.00 mutation_sparse 0.05
23 models [0] recycles 0 hard 0 soft 1 temp 0.05 seqid 0.99 loss 22.53 pae 0.24 i_pae 0.94 i_con 3.84 dgram_cce 0.38 fape 0.62 plddt 0.82 ptm 0.51 i_ptm 0.13 rmsd 23.96 first_target_con 2.98 fold_target_con 0.02 mutation_budget 0.00 mutation_sparse 0.05
24 models [0] recycles 0 hard 1 soft 1 temp 0.05 seqid 0.99 loss 20.29 pae 0.22 i_pae 0.93 i_con 3.85 dgram_cce 0.36 fape 0.60 plddt 0.81 ptm 0.52 i_ptm 0.13 rmsd 25.96 first_target_con 2.66 fold_target_con 0.02 mutation_budget 0.00 mutation_sparse 0.05
25 models [0] recycles 0 hard 1 soft 1 temp 0.05 seqid 0.99 loss 20.63 pae 0.22 i_pae 0.93 i_con 3.86 dgram_cce 0.36 fape 0.60 plddt 0.81 ptm 0.52 i_ptm 0.13 rmsd 26.23 first_target_con 2.72 fold_target_con 0.02 mutation_budget 0 mutation_sparse 0.05
26 models [0] recycles 0 hard 1 soft 1 temp 0.05 seqid 0.99 loss 20.29 pae 0.22 i_pae 0.93 i_con 3.85 dgram_cce 0.36 fape 0.60 plddt 0.81 ptm 0.52 i_ptm 0.13 rmsd 25.96 first_target_con 2.66 fold_target_con 0.02 mutation_budget 0.00 mutation_sparse 0.05
27 models [0] recycles 0 hard 1 soft 1 temp 0.05 seqid 0.99 loss 20.63 pae 0.22 i_pae 0.93 i_con 3.86 dgram_cce 0.36 fape 0.60 plddt 0.81 ptm 0.52 i_ptm 0.13 rmsd 26.23 first_target_con 2.72 fold_target_con 0.02 mutation_budget 0 mutation_sparse 0.05
28 models [0] recycles 0 hard 1 soft 1 temp 0.05 seqid 0.99 loss 21.21 pae 0.22 i_pae 0.94 i_con 3.88 dgram_cce 0.36 fape 0.60 plddt 0.81 ptm 0.52 i_ptm 0.13 rmsd 25.61 first_target_con 2.79 fold_target_con 0.02 mutation_budget 0.00 mutation_sparse 0.05
FINAL c2diff_seed615_current_fixed_b20 loss=14.078 pLDDT=0.842 ipTM=0.287 mutations=19
task 5 complete
