task=4 base=OVA-C4-IPTM80-19B states=AC->AD budget=21
target directed contacts fold=8202 first=508 second=254
1 models [0] recycles 0 hard 0 soft 0.07 temp 1 seqid 1 loss 25.30 pae 0.25 i_pae 0.97 i_con 3.79 dgram_cce 0.39 fape 0.62 plddt 0.81 ptm 0.50 i_ptm 0.12 rmsd 26.11 first_target_con 3.38 fold_target_con 0.03 mutation_budget 0 mutation_sparse 0.05
2 models [0] recycles 0 hard 0 soft 0.13 temp 1 seqid 1 loss 23.47 pae 0.24 i_pae 0.95 i_con 3.68 dgram_cce 0.38 fape 0.62 plddt 0.82 ptm 0.51 i_ptm 0.13 rmsd 31.33 first_target_con 3.11 fold_target_con 0.03 mutation_budget 0.00 mutation_sparse 0.06
3 models [0] recycles 0 hard 0 soft 0.20 temp 1 seqid 1 loss 22.66 pae 0.24 i_pae 0.96 i_con 3.76 dgram_cce 0.38 fape 0.61 plddt 0.82 ptm 0.51 i_ptm 0.12 rmsd 20.77 first_target_con 2.96 fold_target_con 0.03 mutation_budget 0.02 mutation_sparse 0.06
4 models [0] recycles 0 hard 0 soft 0.27 temp 1 seqid 1 loss 22.58 pae 0.24 i_pae 0.95 i_con 3.72 dgram_cce 0.38 fape 0.59 plddt 0.82 ptm 0.51 i_ptm 0.12 rmsd 18.65 first_target_con 2.90 fold_target_con 0.03 mutation_budget 0.03 mutation_sparse 0.06
5 models [0] recycles 0 hard 0 soft 0.33 temp 1 seqid 1 loss 21.16 pae 0.23 i_pae 0.94 i_con 3.75 dgram_cce 0.37 fape 0.61 plddt 0.83 ptm 0.51 i_ptm 0.13 rmsd 17.39 first_target_con 2.66 fold_target_con 0.02 mutation_budget 0.05 mutation_sparse 0.07
6 models [0] recycles 0 hard 0 soft 0.40 temp 1 seqid 1 loss 21.26 pae 0.23 i_pae 0.94 i_con 3.75 dgram_cce 0.37 fape 0.62 plddt 0.82 ptm 0.51 i_ptm 0.13 rmsd 21.43 first_target_con 2.60 fold_target_con 0.02 mutation_budget 0.08 mutation_sparse 0.07
7 models [0] recycles 0 hard 0 soft 0.47 temp 1 seqid 1 loss 22.73 pae 0.24 i_pae 0.95 i_con 3.86 dgram_cce 0.37 fape 0.61 plddt 0.82 ptm 0.51 i_ptm 0.13 rmsd 23.31 first_target_con 2.73 fold_target_con 0.03 mutation_budget 0.11 mutation_sparse 0.07
8 models [0] recycles 0 hard 0 soft 0.53 temp 1 seqid 1 loss 16.34 pae 0.23 i_pae 0.88 i_con 3.83 dgram_cce 0.36 fape 0.49 plddt 0.83 ptm 0.54 i_ptm 0.19 rmsd 4.35 first_target_con 1.75 fold_target_con 0.02 mutation_budget 0.14 mutation_sparse 0.07
9 models [0] recycles 0 hard 0 soft 0.60 temp 1 seqid 1 loss 16.58 pae 0.23 i_pae 0.87 i_con 3.76 dgram_cce 0.36 fape 0.40 plddt 0.83 ptm 0.54 i_ptm 0.19 rmsd 2.51 first_target_con 1.62 fold_target_con 0.02 mutation_budget 0.20 mutation_sparse 0.08
10 models [0] recycles 0 hard 0 soft 0.67 temp 1 seqid 1 loss 10.02 pae 0.22 i_pae 0.58 i_con 3.97 dgram_cce 0.33 fape 0.37 plddt 0.85 ptm 0.68 i_ptm 0.48 rmsd 2.53 first_target_con 0.51 fold_target_con 0.02 mutation_budget 0.28 mutation_sparse 0.08
11 models [0] recycles 0 hard 0 soft 0.73 temp 1 seqid 1 loss 10.28 pae 0.21 i_pae 0.57 i_con 3.99 dgram_cce 0.33 fape 0.39 plddt 0.86 ptm 0.69 i_ptm 0.50 rmsd 3.15 first_target_con 0.51 fold_target_con 0.02 mutation_budget 0.29 mutation_sparse 0.08
12 models [0] recycles 0 hard 0 soft 0.80 temp 1 seqid 1 loss 22.53 pae 0.23 i_pae 0.93 i_con 3.77 dgram_cce 0.36 fape 0.61 plddt 0.83 ptm 0.52 i_ptm 0.14 rmsd 18.52 first_target_con 2.21 fold_target_con 0.02 mutation_budget 0.30 mutation_sparse 0.08
13 models [0] recycles 0 hard 0 soft 0.87 temp 1 seqid 1.00 loss 11.94 pae 0.22 i_pae 0.60 i_con 3.84 dgram_cce 0.34 fape 0.36 plddt 0.85 ptm 0.67 i_ptm 0.48 rmsd 2.24 first_target_con 0.56 fold_target_con 0.02 mutation_budget 0.36 mutation_sparse 0.09
14 models [0] recycles 0 hard 0 soft 0.93 temp 1 seqid 1.00 loss 24.14 pae 0.23 i_pae 0.92 i_con 3.79 dgram_cce 0.37 fape 0.57 plddt 0.83 ptm 0.52 i_ptm 0.15 rmsd 10.29 first_target_con 2.16 fold_target_con 0.02 mutation_budget 0.41 mutation_sparse 0.09
15 models [0] recycles 0 hard 0 soft 1 temp 1 seqid 1.00 loss 25.11 pae 0.23 i_pae 0.91 i_con 3.86 dgram_cce 0.36 fape 0.58 plddt 0.83 ptm 0.52 i_ptm 0.16 rmsd 14.50 first_target_con 2.08 fold_target_con 0.02 mutation_budget 0.49 mutation_sparse 0.09
16 models [0] recycles 0 hard 0 soft 1 temp 0.78 seqid 1.00 loss 22.60 pae 0.24 i_pae 0.95 i_con 3.77 dgram_cce 0.37 fape 0.62 plddt 0.82 ptm 0.51 i_ptm 0.13 rmsd 27.25 first_target_con 2.60 fold_target_con 0.02 mutation_budget 0.15 mutation_sparse 0.08
17 models [0] recycles 0 hard 0 soft 1 temp 0.58 seqid 1.00 loss 20.69 pae 0.24 i_pae 0.95 i_con 3.75 dgram_cce 0.38 fape 0.62 plddt 0.82 ptm 0.51 i_ptm 0.13 rmsd 18.84 first_target_con 2.67 fold_target_con 0.03 mutation_budget 0.02 mutation_sparse 0.06
18 models [0] recycles 0 hard 0 soft 1 temp 0.42 seqid 0.99 loss 22.26 pae 0.24 i_pae 0.96 i_con 3.84 dgram_cce 0.38 fape 0.61 plddt 0.81 ptm 0.51 i_ptm 0.12 rmsd 26.00 first_target_con 2.94 fold_target_con 0.03 mutation_budget 0.00 mutation_sparse 0.06
19 models [0] recycles 0 hard 0 soft 1 temp 0.29 seqid 0.99 loss 21.82 pae 0.25 i_pae 0.95 i_con 3.75 dgram_cce 0.38 fape 0.62 plddt 0.81 ptm 0.51 i_ptm 0.12 rmsd 27.35 first_target_con 2.88 fold_target_con 0.03 mutation_budget 0 mutation_sparse 0.05
20 models [0] recycles 0 hard 0 soft 1 temp 0.18 seqid 0.99 loss 18.87 pae 0.24 i_pae 0.94 i_con 3.70 dgram_cce 0.37 fape 0.61 plddt 0.82 ptm 0.51 i_ptm 0.13 rmsd 15.97 first_target_con 2.47 fold_target_con 0.03 mutation_budget 0 mutation_sparse 0.05
21 models [0] recycles 0 hard 0 soft 1 temp 0.11 seqid 0.99 loss 20.73 pae 0.24 i_pae 0.94 i_con 3.73 dgram_cce 0.38 fape 0.62 plddt 0.82 ptm 0.51 i_ptm 0.13 rmsd 18.14 first_target_con 2.73 fold_target_con 0.03 mutation_budget 0 mutation_sparse 0.05
22 models [0] recycles 0 hard 0 soft 1 temp 0.06 seqid 0.99 loss 18.56 pae 0.25 i_pae 0.93 i_con 3.64 dgram_cce 0.38 fape 0.61 plddt 0.81 ptm 0.51 i_ptm 0.14 rmsd 12.72 first_target_con 2.42 fold_target_con 0.03 mutation_budget 0 mutation_sparse 0.05
23 models [0] recycles 0 hard 0 soft 1 temp 0.05 seqid 0.99 loss 22.17 pae 0.25 i_pae 0.95 i_con 3.70 dgram_cce 0.38 fape 0.62 plddt 0.81 ptm 0.50 i_ptm 0.13 rmsd 27.48 first_target_con 2.93 fold_target_con 0.03 mutation_budget 0 mutation_sparse 0.05
24 models [0] recycles 0 hard 1 soft 1 temp 0.05 seqid 0.99 loss 19.73 pae 0.22 i_pae 0.94 i_con 3.71 dgram_cce 0.36 fape 0.60 plddt 0.81 ptm 0.52 i_ptm 0.13 rmsd 22.00 first_target_con 2.59 fold_target_con 0.02 mutation_budget 0 mutation_sparse 0.05
25 models [0] recycles 0 hard 1 soft 1 temp 0.05 seqid 0.99 loss 19.05 pae 0.22 i_pae 0.94 i_con 3.72 dgram_cce 0.36 fape 0.83 plddt 0.66 ptm 0.52 i_ptm 0.13 rmsd 54.83 first_target_con 2.49 fold_target_con 0.02 mutation_budget 0 mutation_sparse 0.05
26 models [0] recycles 0 hard 1 soft 1 temp 0.05 seqid 0.99 loss 21.69 pae 0.22 i_pae 0.94 i_con 3.75 dgram_cce 0.36 fape 0.61 plddt 0.80 ptm 0.51 i_ptm 0.13 rmsd 33.41 first_target_con 2.87 fold_target_con 0.02 mutation_budget 0 mutation_sparse 0.05
27 models [0] recycles 0 hard 1 soft 1 temp 0.05 seqid 0.99 loss 19.05 pae 0.22 i_pae 0.94 i_con 3.72 dgram_cce 0.36 fape 0.83 plddt 0.66 ptm 0.52 i_ptm 0.13 rmsd 54.83 first_target_con 2.49 fold_target_con 0.02 mutation_budget 0 mutation_sparse 0.05
28 models [0] recycles 0 hard 1 soft 1 temp 0.05 seqid 0.99 loss 21.69 pae 0.22 i_pae 0.94 i_con 3.75 dgram_cce 0.36 fape 0.61 plddt 0.80 ptm 0.51 i_ptm 0.13 rmsd 33.41 first_target_con 2.87 fold_target_con 0.02 mutation_budget 0 mutation_sparse 0.05
FINAL c2diff_seed514_current_fixed_b21 loss=10.017 pLDDT=0.852 ipTM=0.481 mutations=19
target directed contacts fold=8196 first=284 second=18
1 models [0] recycles 0 hard 0 soft 0.07 temp 1 seqid 1 loss 26.63 pae 0.25 i_pae 0.95 i_con 3.81 dgram_cce 0.41 fape 0.63 plddt 0.81 ptm 0.51 i_ptm 0.13 rmsd 30.77 first_target_con 4.16 fold_target_con 0.03 mutation_budget 0 mutation_sparse 0.05
2 models [0] recycles 0 hard 0 soft 0.13 temp 1 seqid 1 loss 25.68 pae 0.25 i_pae 0.94 i_con 3.77 dgram_cce 0.40 fape 0.63 plddt 0.81 ptm 0.51 i_ptm 0.13 rmsd 36.38 first_target_con 4.00 fold_target_con 0.03 mutation_budget 0.00 mutation_sparse 0.06
3 models [0] recycles 0 hard 0 soft 0.20 temp 1 seqid 1 loss 26.20 pae 0.26 i_pae 0.96 i_con 3.76 dgram_cce 0.41 fape 0.64 plddt 0.80 ptm 0.50 i_ptm 0.12 rmsd 29.35 first_target_con 4.06 fold_target_con 0.03 mutation_budget 0.01 mutation_sparse 0.06
4 models [0] recycles 0 hard 0 soft 0.27 temp 1 seqid 1 loss 25.38 pae 0.25 i_pae 0.94 i_con 3.73 dgram_cce 0.40 fape 0.63 plddt 0.81 ptm 0.51 i_ptm 0.13 rmsd 30.06 first_target_con 3.91 fold_target_con 0.03 mutation_budget 0.01 mutation_sparse 0.06
5 models [0] recycles 0 hard 0 soft 0.33 temp 1 seqid 1 loss 25.29 pae 0.25 i_pae 0.95 i_con 3.81 dgram_cce 0.40 fape 0.62 plddt 0.81 ptm 0.51 i_ptm 0.13 rmsd 33.92 first_target_con 3.85 fold_target_con 0.03 mutation_budget 0.03 mutation_sparse 0.06
6 models [0] recycles 0 hard 0 soft 0.40 temp 1 seqid 1 loss 23.14 pae 0.25 i_pae 0.94 i_con 3.77 dgram_cce 0.40 fape 0.63 plddt 0.81 ptm 0.51 i_ptm 0.14 rmsd 31.45 first_target_con 3.42 fold_target_con 0.03 mutation_budget 0.05 mutation_sparse 0.07
7 models [0] recycles 0 hard 0 soft 0.47 temp 1 seqid 1 loss 19.69 pae 0.24 i_pae 0.92 i_con 3.75 dgram_cce 0.39 fape 0.59 plddt 0.81 ptm 0.52 i_ptm 0.15 rmsd 12.47 first_target_con 2.76 fold_target_con 0.02 mutation_budget 0.08 mutation_sparse 0.07
8 models [0] recycles 0 hard 0 soft 0.53 temp 1 seqid 1.00 loss 18.00 pae 0.24 i_pae 0.87 i_con 3.58 dgram_cce 0.39 fape 0.58 plddt 0.81 ptm 0.53 i_ptm 0.18 rmsd 11.70 first_target_con 2.39 fold_target_con 0.02 mutation_budget 0.11 mutation_sparse 0.07
9 models [0] recycles 0 hard 0 soft 0.60 temp 1 seqid 1.00 loss 20.42 pae 0.24 i_pae 0.91 i_con 3.72 dgram_cce 0.39 fape 0.55 plddt 0.81 ptm 0.52 i_ptm 0.15 rmsd 8.03 first_target_con 2.74 fold_target_con 0.02 mutation_budget 0.13 mutation_sparse 0.07
10 models [0] recycles 0 hard 0 soft 0.67 temp 1 seqid 1.00 loss 19.21 pae 0.24 i_pae 0.87 i_con 3.63 dgram_cce 0.38 fape 0.59 plddt 0.82 ptm 0.53 i_ptm 0.19 rmsd 13.31 first_target_con 2.44 fold_target_con 0.02 mutation_budget 0.16 mutation_sparse 0.08
11 models [0] recycles 0 hard 0 soft 0.73 temp 1 seqid 1.00 loss 18.84 pae 0.23 i_pae 0.85 i_con 3.63 dgram_cce 0.38 fape 0.59 plddt 0.82 ptm 0.54 i_ptm 0.20 rmsd 13.00 first_target_con 2.28 fold_target_con 0.02 mutation_budget 0.20 mutation_sparse 0.08
12 models [0] recycles 0 hard 0 soft 0.80 temp 1 seqid 1.00 loss 20.88 pae 0.23 i_pae 0.88 i_con 3.65 dgram_cce 0.38 fape 0.59 plddt 0.82 ptm 0.53 i_ptm 0.17 rmsd 13.00 first_target_con 2.51 fold_target_con 0.02 mutation_budget 0.23 mutation_sparse 0.08
13 models [0] recycles 0 hard 0 soft 0.87 temp 1 seqid 1 loss 20.92 pae 0.23 i_pae 0.85 i_con 3.69 dgram_cce 0.38 fape 0.58 plddt 0.82 ptm 0.54 i_ptm 0.19 rmsd 10.56 first_target_con 2.43 fold_target_con 0.02 mutation_budget 0.26 mutation_sparse 0.08
14 models [0] recycles 0 hard 0 soft 0.93 temp 1 seqid 0.99 loss 19.89 pae 0.23 i_pae 0.84 i_con 3.61 dgram_cce 0.38 fape 0.58 plddt 0.82 ptm 0.55 i_ptm 0.21 rmsd 11.23 first_target_con 2.16 fold_target_con 0.02 mutation_budget 0.30 mutation_sparse 0.08
15 models [0] recycles 0 hard 0 soft 1 temp 1 seqid 1.00 loss 29.62 pae 0.24 i_pae 0.95 i_con 3.79 dgram_cce 0.39 fape 0.61 plddt 0.82 ptm 0.51 i_ptm 0.13 rmsd 25.48 first_target_con 3.64 fold_target_con 0.02 mutation_budget 0.34 mutation_sparse 0.09
16 models [0] recycles 0 hard 0 soft 1 temp 0.78 seqid 0.99 loss 20.22 pae 0.24 i_pae 0.89 i_con 3.66 dgram_cce 0.39 fape 0.61 plddt 0.81 ptm 0.53 i_ptm 0.17 rmsd 17.43 first_target_con 2.73 fold_target_con 0.02 mutation_budget 0.12 mutation_sparse 0.07
17 models [0] recycles 0 hard 0 soft 1 temp 0.58 seqid 0.99 loss 22.45 pae 0.25 i_pae 0.95 i_con 3.73 dgram_cce 0.40 fape 0.63 plddt 0.81 ptm 0.51 i_ptm 0.13 rmsd 19.85 first_target_con 3.39 fold_target_con 0.03 mutation_budget 0.03 mutation_sparse 0.06
18 models [0] recycles 0 hard 0 soft 1 temp 0.42 seqid 0.99 loss 23.38 pae 0.25 i_pae 0.95 i_con 3.73 dgram_cce 0.41 fape 0.63 plddt 0.81 ptm 0.51 i_ptm 0.13 rmsd 28.43 first_target_con 3.60 fold_target_con 0.02 mutation_budget 0.01 mutation_sparse 0.06
19 models [0] recycles 0 hard 0 soft 1 temp 0.29 seqid 0.99 loss 25.57 pae 0.25 i_pae 0.96 i_con 3.79 dgram_cce 0.40 fape 0.63 plddt 0.81 ptm 0.51 i_ptm 0.12 rmsd 34.83 first_target_con 3.97 fold_target_con 0.03 mutation_budget 0.00 mutation_sparse 0.06
20 models [0] recycles 0 hard 0 soft 1 temp 0.18 seqid 0.99 loss 23.06 pae 0.25 i_pae 0.94 i_con 3.76 dgram_cce 0.40 fape 0.63 plddt 0.81 ptm 0.51 i_ptm 0.13 rmsd 29.72 first_target_con 3.56 fold_target_con 0.03 mutation_budget 0.00 mutation_sparse 0.06
21 models [0] recycles 0 hard 0 soft 1 temp 0.11 seqid 0.99 loss 23.10 pae 0.25 i_pae 0.95 i_con 3.71 dgram_cce 0.40 fape 0.63 plddt 0.81 ptm 0.50 i_ptm 0.13 rmsd 30.20 first_target_con 3.57 fold_target_con 0.03 mutation_budget 0.00 mutation_sparse 0.06
22 models [0] recycles 0 hard 0 soft 1 temp 0.06 seqid 0.99 loss 21.36 pae 0.26 i_pae 0.94 i_con 3.78 dgram_cce 0.40 fape 0.63 plddt 0.80 ptm 0.51 i_ptm 0.13 rmsd 14.96 first_target_con 3.27 fold_target_con 0.03 mutation_budget 0.00 mutation_sparse 0.06
23 models [0] recycles 0 hard 0 soft 1 temp 0.05 seqid 0.99 loss 21.32 pae 0.25 i_pae 0.94 i_con 3.76 dgram_cce 0.40 fape 0.63 plddt 0.81 ptm 0.51 i_ptm 0.13 rmsd 17.39 first_target_con 3.27 fold_target_con 0.03 mutation_budget 0.00 mutation_sparse 0.06
24 models [0] recycles 0 hard 1 soft 1 temp 0.05 seqid 0.99 loss 21.32 pae 0.23 i_pae 0.94 i_con 3.71 dgram_cce 0.39 fape 0.62 plddt 0.80 ptm 0.51 i_ptm 0.13 rmsd 30.37 first_target_con 3.28 fold_target_con 0.02 mutation_budget 0.00 mutation_sparse 0.06
25 models [0] recycles 0 hard 1 soft 1 temp 0.05 seqid 0.99 loss 21.51 pae 0.23 i_pae 0.93 i_con 3.76 dgram_cce 0.38 fape 0.60 plddt 0.80 ptm 0.52 i_ptm 0.14 rmsd 22.26 first_target_con 3.29 fold_target_con 0.02 mutation_budget 0.01 mutation_sparse 0.06
26 models [0] recycles 0 hard 1 soft 1 temp 0.05 seqid 0.99 loss 21.32 pae 0.23 i_pae 0.94 i_con 3.71 dgram_cce 0.39 fape 0.62 plddt 0.80 ptm 0.51 i_ptm 0.13 rmsd 30.37 first_target_con 3.28 fold_target_con 0.02 mutation_budget 0.00 mutation_sparse 0.06
27 models [0] recycles 0 hard 1 soft 1 temp 0.05 seqid 0.99 loss 21.65 pae 0.23 i_pae 0.93 i_con 3.78 dgram_cce 0.38 fape 0.61 plddt 0.80 ptm 0.52 i_ptm 0.14 rmsd 22.87 first_target_con 3.31 fold_target_con 0.02 mutation_budget 0.01 mutation_sparse 0.06
28 models [0] recycles 0 hard 1 soft 1 temp 0.05 seqid 0.99 loss 21.92 pae 0.23 i_pae 0.94 i_con 3.70 dgram_cce 0.39 fape 0.62 plddt 0.80 ptm 0.51 i_ptm 0.13 rmsd 31.00 first_target_con 3.38 fold_target_con 0.02 mutation_budget 0.00 mutation_sparse 0.06
FINAL c2diff_seed614_current_free_b21 loss=17.999 pLDDT=0.809 ipTM=0.180 mutations=20
task 4 complete
