task=2 base=OVA-C4-IPTM80-19A states=AB->AD budget=21
target directed contacts fold=8208 first=410 second=360
1 models [0] recycles 0 hard 0 soft 0.07 temp 1 seqid 1 loss 23.53 pae 0.25 i_pae 0.94 i_con 3.69 dgram_cce 0.35 fape 0.63 plddt 0.81 ptm 0.51 i_ptm 0.13 rmsd 26.38 first_target_con 3.13 fold_target_con 0.03 mutation_budget 0 mutation_sparse 0.05
2 models [0] recycles 0 hard 0 soft 0.13 temp 1 seqid 1 loss 23.02 pae 0.24 i_pae 0.95 i_con 3.83 dgram_cce 0.35 fape 0.63 plddt 0.81 ptm 0.51 i_ptm 0.13 rmsd 26.94 first_target_con 3.06 fold_target_con 0.03 mutation_budget 0 mutation_sparse 0.05
3 models [0] recycles 0 hard 0 soft 0.20 temp 1 seqid 1 loss 22.19 pae 0.24 i_pae 0.94 i_con 3.77 dgram_cce 0.35 fape 0.63 plddt 0.81 ptm 0.51 i_ptm 0.13 rmsd 27.29 first_target_con 2.94 fold_target_con 0.03 mutation_budget 0 mutation_sparse 0.05
4 models [0] recycles 0 hard 0 soft 0.27 temp 1 seqid 1 loss 22.22 pae 0.24 i_pae 0.94 i_con 3.75 dgram_cce 0.34 fape 0.63 plddt 0.82 ptm 0.51 i_ptm 0.13 rmsd 26.72 first_target_con 2.94 fold_target_con 0.03 mutation_budget 0.00 mutation_sparse 0.06
5 models [0] recycles 0 hard 0 soft 0.33 temp 1 seqid 1 loss 22.96 pae 0.24 i_pae 0.94 i_con 3.78 dgram_cce 0.35 fape 0.62 plddt 0.82 ptm 0.51 i_ptm 0.13 rmsd 26.08 first_target_con 3.03 fold_target_con 0.02 mutation_budget 0.01 mutation_sparse 0.06
6 models [0] recycles 0 hard 0 soft 0.40 temp 1 seqid 1 loss 19.78 pae 0.24 i_pae 0.94 i_con 3.84 dgram_cce 0.34 fape 0.62 plddt 0.82 ptm 0.51 i_ptm 0.13 rmsd 27.63 first_target_con 2.56 fold_target_con 0.03 mutation_budget 0.01 mutation_sparse 0.06
7 models [0] recycles 0 hard 0 soft 0.47 temp 1 seqid 1 loss 20.09 pae 0.25 i_pae 0.94 i_con 3.76 dgram_cce 0.35 fape 0.63 plddt 0.81 ptm 0.51 i_ptm 0.13 rmsd 27.62 first_target_con 2.59 fold_target_con 0.03 mutation_budget 0.02 mutation_sparse 0.06
8 models [0] recycles 0 hard 0 soft 0.53 temp 1 seqid 1 loss 19.35 pae 0.24 i_pae 0.95 i_con 3.86 dgram_cce 0.34 fape 0.63 plddt 0.82 ptm 0.51 i_ptm 0.12 rmsd 24.54 first_target_con 2.46 fold_target_con 0.03 mutation_budget 0.03 mutation_sparse 0.06
9 models [0] recycles 0 hard 0 soft 0.60 temp 1 seqid 1 loss 19.42 pae 0.23 i_pae 0.95 i_con 3.89 dgram_cce 0.34 fape 0.62 plddt 0.83 ptm 0.51 i_ptm 0.12 rmsd 27.46 first_target_con 2.45 fold_target_con 0.02 mutation_budget 0.03 mutation_sparse 0.06
10 models [0] recycles 0 hard 0 soft 0.67 temp 1 seqid 1 loss 18.16 pae 0.24 i_pae 0.95 i_con 3.93 dgram_cce 0.34 fape 0.63 plddt 0.82 ptm 0.51 i_ptm 0.12 rmsd 18.19 first_target_con 2.24 fold_target_con 0.02 mutation_budget 0.05 mutation_sparse 0.07
11 models [0] recycles 0 hard 0 soft 0.73 temp 1 seqid 1 loss 16.74 pae 0.24 i_pae 0.95 i_con 3.87 dgram_cce 0.34 fape 0.62 plddt 0.82 ptm 0.51 i_ptm 0.13 rmsd 17.06 first_target_con 1.98 fold_target_con 0.02 mutation_budget 0.07 mutation_sparse 0.07
12 models [0] recycles 0 hard 0 soft 0.80 temp 1 seqid 1 loss 15.70 pae 0.23 i_pae 0.94 i_con 4.03 dgram_cce 0.34 fape 0.62 plddt 0.83 ptm 0.51 i_ptm 0.14 rmsd 21.37 first_target_con 1.78 fold_target_con 0.02 mutation_budget 0.09 mutation_sparse 0.07
13 models [0] recycles 0 hard 0 soft 0.87 temp 1 seqid 1.00 loss 18.59 pae 0.24 i_pae 0.96 i_con 3.98 dgram_cce 0.35 fape 0.63 plddt 0.82 ptm 0.50 i_ptm 0.12 rmsd 13.68 first_target_con 2.16 fold_target_con 0.02 mutation_budget 0.10 mutation_sparse 0.07
14 models [0] recycles 0 hard 0 soft 0.93 temp 1 seqid 1.00 loss 20.14 pae 0.24 i_pae 0.96 i_con 3.97 dgram_cce 0.34 fape 0.63 plddt 0.82 ptm 0.51 i_ptm 0.12 rmsd 14.76 first_target_con 2.33 fold_target_con 0.02 mutation_budget 0.12 mutation_sparse 0.07
15 models [0] recycles 0 hard 0 soft 1 temp 1 seqid 0.99 loss 19.29 pae 0.23 i_pae 0.96 i_con 3.98 dgram_cce 0.34 fape 0.62 plddt 0.83 ptm 0.51 i_ptm 0.12 rmsd 17.80 first_target_con 2.15 fold_target_con 0.02 mutation_budget 0.14 mutation_sparse 0.07
16 models [0] recycles 0 hard 0 soft 1 temp 0.78 seqid 0.99 loss 18.32 pae 0.23 i_pae 0.95 i_con 3.89 dgram_cce 0.34 fape 0.62 plddt 0.82 ptm 0.51 i_ptm 0.12 rmsd 27.96 first_target_con 2.23 fold_target_con 0.02 mutation_budget 0.06 mutation_sparse 0.07
17 models [0] recycles 0 hard 0 soft 1 temp 0.58 seqid 0.99 loss 17.05 pae 0.23 i_pae 0.95 i_con 3.83 dgram_cce 0.34 fape 0.62 plddt 0.82 ptm 0.51 i_ptm 0.13 rmsd 24.79 first_target_con 2.16 fold_target_con 0.02 mutation_budget 0.02 mutation_sparse 0.06
18 models [0] recycles 0 hard 0 soft 1 temp 0.42 seqid 0.99 loss 15.78 pae 0.23 i_pae 0.93 i_con 3.76 dgram_cce 0.34 fape 0.63 plddt 0.83 ptm 0.51 i_ptm 0.14 rmsd 17.93 first_target_con 2.02 fold_target_con 0.02 mutation_budget 0.00 mutation_sparse 0.06
19 models [0] recycles 0 hard 0 soft 1 temp 0.29 seqid 0.99 loss 16.98 pae 0.24 i_pae 0.94 i_con 3.76 dgram_cce 0.34 fape 0.63 plddt 0.82 ptm 0.51 i_ptm 0.13 rmsd 22.95 first_target_con 2.20 fold_target_con 0.02 mutation_budget 0 mutation_sparse 0.05
20 models [0] recycles 0 hard 0 soft 1 temp 0.18 seqid 0.99 loss 18.48 pae 0.24 i_pae 0.95 i_con 3.87 dgram_cce 0.34 fape 0.62 plddt 0.82 ptm 0.51 i_ptm 0.12 rmsd 21.25 first_target_con 2.41 fold_target_con 0.02 mutation_budget 0 mutation_sparse 0.05
21 models [0] recycles 0 hard 0 soft 1 temp 0.11 seqid 0.99 loss 19.84 pae 0.24 i_pae 0.96 i_con 3.84 dgram_cce 0.34 fape 0.63 plddt 0.82 ptm 0.51 i_ptm 0.12 rmsd 26.36 first_target_con 2.60 fold_target_con 0.02 mutation_budget 0 mutation_sparse 0.05
22 models [0] recycles 0 hard 0 soft 1 temp 0.06 seqid 0.99 loss 16.76 pae 0.24 i_pae 0.95 i_con 3.83 dgram_cce 0.34 fape 0.62 plddt 0.82 ptm 0.51 i_ptm 0.13 rmsd 20.79 first_target_con 2.16 fold_target_con 0.02 mutation_budget 0 mutation_sparse 0.05
23 models [0] recycles 0 hard 0 soft 1 temp 0.05 seqid 0.99 loss 17.90 pae 0.24 i_pae 0.94 i_con 3.88 dgram_cce 0.34 fape 0.63 plddt 0.82 ptm 0.51 i_ptm 0.13 rmsd 18.24 first_target_con 2.32 fold_target_con 0.02 mutation_budget 0 mutation_sparse 0.05
24 models [0] recycles 0 hard 1 soft 1 temp 0.05 seqid 0.99 loss 16.09 pae 0.22 i_pae 0.93 i_con 3.88 dgram_cce 0.33 fape 0.61 plddt 0.82 ptm 0.52 i_ptm 0.14 rmsd 21.56 first_target_con 2.07 fold_target_con 0.02 mutation_budget 0 mutation_sparse 0.05
25 models [0] recycles 0 hard 1 soft 1 temp 0.05 seqid 0.99 loss 16.09 pae 0.22 i_pae 0.93 i_con 3.88 dgram_cce 0.33 fape 0.61 plddt 0.82 ptm 0.52 i_ptm 0.14 rmsd 21.56 first_target_con 2.07 fold_target_con 0.02 mutation_budget 0 mutation_sparse 0.05
26 models [0] recycles 0 hard 1 soft 1 temp 0.05 seqid 0.99 loss 19.47 pae 0.22 i_pae 0.94 i_con 3.83 dgram_cce 0.33 fape 0.62 plddt 0.81 ptm 0.51 i_ptm 0.13 rmsd 25.75 first_target_con 2.55 fold_target_con 0.02 mutation_budget 0 mutation_sparse 0.05
27 models [0] recycles 0 hard 1 soft 1 temp 0.05 seqid 0.99 loss 19.47 pae 0.22 i_pae 0.94 i_con 3.83 dgram_cce 0.33 fape 0.62 plddt 0.81 ptm 0.51 i_ptm 0.13 rmsd 25.75 first_target_con 2.55 fold_target_con 0.02 mutation_budget 0 mutation_sparse 0.05
28 models [0] recycles 0 hard 1 soft 1 temp 0.05 seqid 0.99 loss 16.09 pae 0.22 i_pae 0.93 i_con 3.88 dgram_cce 0.33 fape 0.61 plddt 0.82 ptm 0.52 i_ptm 0.14 rmsd 21.56 first_target_con 2.07 fold_target_con 0.02 mutation_budget 0 mutation_sparse 0.05
FINAL c2diff_seed512_current_fixed_b21 loss=15.700 pLDDT=0.829 ipTM=0.136 mutations=19
target directed contacts fold=8196 first=284 second=18
1 models [0] recycles 0 hard 0 soft 0.07 temp 1 seqid 1 loss 26.68 pae 0.24 i_pae 0.95 i_con 3.73 dgram_cce 0.40 fape 0.63 plddt 0.81 ptm 0.51 i_ptm 0.12 rmsd 31.32 first_target_con 4.17 fold_target_con 0.03 mutation_budget 0 mutation_sparse 0.05
2 models [0] recycles 0 hard 0 soft 0.13 temp 1 seqid 1 loss 26.59 pae 0.24 i_pae 0.95 i_con 3.79 dgram_cce 0.40 fape 0.63 plddt 0.81 ptm 0.51 i_ptm 0.12 rmsd 35.55 first_target_con 4.15 fold_target_con 0.03 mutation_budget 0.00 mutation_sparse 0.06
3 models [0] recycles 0 hard 0 soft 0.20 temp 1 seqid 1 loss 26.05 pae 0.24 i_pae 0.93 i_con 3.74 dgram_cce 0.40 fape 0.63 plddt 0.82 ptm 0.51 i_ptm 0.14 rmsd 27.70 first_target_con 4.03 fold_target_con 0.03 mutation_budget 0.01 mutation_sparse 0.06
4 models [0] recycles 0 hard 0 soft 0.27 temp 1 seqid 1 loss 26.01 pae 0.25 i_pae 0.95 i_con 3.78 dgram_cce 0.40 fape 0.63 plddt 0.81 ptm 0.50 i_ptm 0.13 rmsd 32.52 first_target_con 3.99 fold_target_con 0.03 mutation_budget 0.02 mutation_sparse 0.06
5 models [0] recycles 0 hard 0 soft 0.33 temp 1 seqid 1 loss 24.12 pae 0.24 i_pae 0.94 i_con 3.73 dgram_cce 0.40 fape 0.63 plddt 0.81 ptm 0.51 i_ptm 0.13 rmsd 28.83 first_target_con 3.63 fold_target_con 0.03 mutation_budget 0.04 mutation_sparse 0.07
6 models [0] recycles 0 hard 0 soft 0.40 temp 1 seqid 1 loss 25.52 pae 0.25 i_pae 0.94 i_con 3.72 dgram_cce 0.40 fape 0.63 plddt 0.80 ptm 0.51 i_ptm 0.13 rmsd 27.11 first_target_con 3.80 fold_target_con 0.03 mutation_budget 0.06 mutation_sparse 0.07
7 models [0] recycles 0 hard 0 soft 0.47 temp 1 seqid 1 loss 22.54 pae 0.24 i_pae 0.93 i_con 3.75 dgram_cce 0.39 fape 0.63 plddt 0.81 ptm 0.51 i_ptm 0.14 rmsd 21.95 first_target_con 3.26 fold_target_con 0.03 mutation_budget 0.07 mutation_sparse 0.07
8 models [0] recycles 0 hard 0 soft 0.53 temp 1 seqid 1 loss 22.58 pae 0.25 i_pae 0.93 i_con 3.71 dgram_cce 0.40 fape 0.62 plddt 0.81 ptm 0.51 i_ptm 0.14 rmsd 20.09 first_target_con 3.18 fold_target_con 0.03 mutation_budget 0.10 mutation_sparse 0.07
9 models [0] recycles 0 hard 0 soft 0.60 temp 1 seqid 1 loss 18.74 pae 0.25 i_pae 0.87 i_con 3.57 dgram_cce 0.39 fape 0.62 plddt 0.81 ptm 0.53 i_ptm 0.18 rmsd 12.31 first_target_con 2.45 fold_target_con 0.03 mutation_budget 0.14 mutation_sparse 0.07
10 models [0] recycles 0 hard 0 soft 0.67 temp 1 seqid 1.00 loss 20.17 pae 0.24 i_pae 0.90 i_con 3.67 dgram_cce 0.39 fape 0.60 plddt 0.81 ptm 0.52 i_ptm 0.15 rmsd 11.89 first_target_con 2.62 fold_target_con 0.03 mutation_budget 0.16 mutation_sparse 0.08
11 models [0] recycles 0 hard 0 soft 0.73 temp 1 seqid 1.00 loss 21.05 pae 0.24 i_pae 0.89 i_con 3.69 dgram_cce 0.38 fape 0.60 plddt 0.81 ptm 0.52 i_ptm 0.16 rmsd 12.40 first_target_con 2.67 fold_target_con 0.03 mutation_budget 0.19 mutation_sparse 0.08
12 models [0] recycles 0 hard 0 soft 0.80 temp 1 seqid 1.00 loss 20.79 pae 0.24 i_pae 0.89 i_con 3.67 dgram_cce 0.38 fape 0.60 plddt 0.81 ptm 0.53 i_ptm 0.16 rmsd 10.41 first_target_con 2.50 fold_target_con 0.02 mutation_budget 0.23 mutation_sparse 0.08
13 models [0] recycles 0 hard 0 soft 0.87 temp 1 seqid 0.99 loss 23.76 pae 0.24 i_pae 0.92 i_con 3.69 dgram_cce 0.40 fape 0.62 plddt 0.81 ptm 0.52 i_ptm 0.14 rmsd 14.22 first_target_con 2.88 fold_target_con 0.03 mutation_budget 0.27 mutation_sparse 0.08
14 models [0] recycles 0 hard 0 soft 0.93 temp 1 seqid 1.00 loss 23.97 pae 0.24 i_pae 0.91 i_con 3.71 dgram_cce 0.39 fape 0.62 plddt 0.81 ptm 0.52 i_ptm 0.14 rmsd 12.22 first_target_con 2.80 fold_target_con 0.03 mutation_budget 0.31 mutation_sparse 0.08
15 models [0] recycles 0 hard 0 soft 1 temp 1 seqid 0.99 loss 25.80 pae 0.24 i_pae 0.92 i_con 3.71 dgram_cce 0.39 fape 0.62 plddt 0.81 ptm 0.52 i_ptm 0.14 rmsd 17.93 first_target_con 2.95 fold_target_con 0.03 mutation_budget 0.36 mutation_sparse 0.09
16 models [0] recycles 0 hard 0 soft 1 temp 0.78 seqid 0.99 loss 22.22 pae 0.24 i_pae 0.92 i_con 3.76 dgram_cce 0.39 fape 0.61 plddt 0.82 ptm 0.52 i_ptm 0.14 rmsd 16.37 first_target_con 3.03 fold_target_con 0.03 mutation_budget 0.13 mutation_sparse 0.07
17 models [0] recycles 0 hard 0 soft 1 temp 0.58 seqid 0.99 loss 21.76 pae 0.25 i_pae 0.93 i_con 3.72 dgram_cce 0.40 fape 0.63 plddt 0.80 ptm 0.51 i_ptm 0.13 rmsd 18.20 first_target_con 3.24 fold_target_con 0.03 mutation_budget 0.04 mutation_sparse 0.07
18 models [0] recycles 0 hard 0 soft 1 temp 0.42 seqid 0.99 loss 20.78 pae 0.25 i_pae 0.93 i_con 3.75 dgram_cce 0.40 fape 0.62 plddt 0.80 ptm 0.51 i_ptm 0.13 rmsd 15.81 first_target_con 3.13 fold_target_con 0.03 mutation_budget 0.02 mutation_sparse 0.06
19 models [0] recycles 0 hard 0 soft 1 temp 0.29 seqid 0.99 loss 17.68 pae 0.25 i_pae 0.89 i_con 3.62 dgram_cce 0.39 fape 0.61 plddt 0.81 ptm 0.53 i_ptm 0.17 rmsd 11.65 first_target_con 2.62 fold_target_con 0.03 mutation_budget 0.02 mutation_sparse 0.06
20 models [0] recycles 0 hard 0 soft 1 temp 0.18 seqid 0.98 loss 19.03 pae 0.25 i_pae 0.90 i_con 3.73 dgram_cce 0.39 fape 0.62 plddt 0.81 ptm 0.52 i_ptm 0.16 rmsd 14.70 first_target_con 2.83 fold_target_con 0.03 mutation_budget 0.02 mutation_sparse 0.06
21 models [0] recycles 0 hard 0 soft 1 temp 0.11 seqid 0.98 loss 22.35 pae 0.25 i_pae 0.93 i_con 3.77 dgram_cce 0.40 fape 0.63 plddt 0.81 ptm 0.51 i_ptm 0.14 rmsd 19.23 first_target_con 3.38 fold_target_con 0.03 mutation_budget 0.02 mutation_sparse 0.06
22 models [0] recycles 0 hard 0 soft 1 temp 0.06 seqid 0.99 loss 21.28 pae 0.25 i_pae 0.92 i_con 3.80 dgram_cce 0.40 fape 0.63 plddt 0.81 ptm 0.51 i_ptm 0.14 rmsd 16.23 first_target_con 3.20 fold_target_con 0.03 mutation_budget 0.02 mutation_sparse 0.06
23 models [0] recycles 0 hard 0 soft 1 temp 0.05 seqid 0.98 loss 17.88 pae 0.25 i_pae 0.87 i_con 3.65 dgram_cce 0.40 fape 0.63 plddt 0.80 ptm 0.53 i_ptm 0.17 rmsd 13.86 first_target_con 2.63 fold_target_con 0.03 mutation_budget 0.03 mutation_sparse 0.06
24 models [0] recycles 0 hard 1 soft 1 temp 0.05 seqid 0.99 loss 18.12 pae 0.23 i_pae 0.88 i_con 3.67 dgram_cce 0.38 fape 0.61 plddt 0.79 ptm 0.53 i_ptm 0.16 rmsd 12.98 first_target_con 2.69 fold_target_con 0.02 mutation_budget 0.02 mutation_sparse 0.06
25 models [0] recycles 0 hard 1 soft 1 temp 0.05 seqid 0.99 loss 18.12 pae 0.23 i_pae 0.88 i_con 3.67 dgram_cce 0.38 fape 0.61 plddt 0.79 ptm 0.53 i_ptm 0.16 rmsd 12.98 first_target_con 2.69 fold_target_con 0.02 mutation_budget 0.02 mutation_sparse 0.06
26 models [0] recycles 0 hard 1 soft 1 temp 0.05 seqid 0.99 loss 16.65 pae 0.23 i_pae 0.85 i_con 3.58 dgram_cce 0.38 fape 0.61 plddt 0.80 ptm 0.55 i_ptm 0.19 rmsd 13.14 first_target_con 2.46 fold_target_con 0.02 mutation_budget 0.02 mutation_sparse 0.06
27 models [0] recycles 0 hard 1 soft 1 temp 0.05 seqid 0.99 loss 16.65 pae 0.23 i_pae 0.85 i_con 3.58 dgram_cce 0.38 fape 0.61 plddt 0.80 ptm 0.55 i_ptm 0.19 rmsd 13.14 first_target_con 2.46 fold_target_con 0.02 mutation_budget 0.02 mutation_sparse 0.06
28 models [0] recycles 0 hard 1 soft 1 temp 0.05 seqid 0.99 loss 16.65 pae 0.23 i_pae 0.85 i_con 3.58 dgram_cce 0.38 fape 0.61 plddt 0.80 ptm 0.55 i_ptm 0.19 rmsd 13.14 first_target_con 2.46 fold_target_con 0.02 mutation_budget 0.02 mutation_sparse 0.06
FINAL c2diff_seed612_current_free_b21 loss=16.654 pLDDT=0.797 ipTM=0.194 mutations=24
task 2 complete
