task=3 base=OVA-C4-IPTM80-19B states=AB->AC budget=19
target directed contacts fold=8208 first=410 second=360
1 models [0] recycles 0 hard 0 soft 0.07 temp 1 seqid 1 loss 19.25 pae 0.25 i_pae 0.96 i_con 3.83 dgram_cce 0.34 fape 0.62 plddt 0.81 ptm 0.51 i_ptm 0.12 rmsd 15.57 first_target_con 2.51 fold_target_con 0.03 mutation_budget 0.00 mutation_sparse 0.05
2 models [0] recycles 0 hard 0 soft 0.13 temp 1 seqid 1 loss 16.35 pae 0.24 i_pae 0.94 i_con 3.71 dgram_cce 0.34 fape 0.62 plddt 0.82 ptm 0.51 i_ptm 0.14 rmsd 21.19 first_target_con 2.09 fold_target_con 0.02 mutation_budget 0.01 mutation_sparse 0.05
3 models [0] recycles 0 hard 0 soft 0.20 temp 1 seqid 1 loss 16.89 pae 0.23 i_pae 0.95 i_con 3.85 dgram_cce 0.34 fape 0.62 plddt 0.82 ptm 0.51 i_ptm 0.13 rmsd 16.23 first_target_con 2.15 fold_target_con 0.02 mutation_budget 0.01 mutation_sparse 0.05
4 models [0] recycles 0 hard 0 soft 0.27 temp 1 seqid 1 loss 13.02 pae 0.23 i_pae 0.92 i_con 3.82 dgram_cce 0.34 fape 0.61 plddt 0.83 ptm 0.52 i_ptm 0.15 rmsd 12.79 first_target_con 1.58 fold_target_con 0.02 mutation_budget 0.02 mutation_sparse 0.06
5 models [0] recycles 0 hard 0 soft 0.33 temp 1 seqid 1 loss 14.90 pae 0.23 i_pae 0.94 i_con 3.81 dgram_cce 0.34 fape 0.62 plddt 0.83 ptm 0.51 i_ptm 0.13 rmsd 11.79 first_target_con 1.82 fold_target_con 0.02 mutation_budget 0.03 mutation_sparse 0.06
6 models [0] recycles 0 hard 0 soft 0.40 temp 1 seqid 1 loss 11.99 pae 0.22 i_pae 0.90 i_con 3.91 dgram_cce 0.33 fape 0.61 plddt 0.84 ptm 0.52 i_ptm 0.16 rmsd 10.14 first_target_con 1.39 fold_target_con 0.02 mutation_budget 0.04 mutation_sparse 0.06
7 models [0] recycles 0 hard 0 soft 0.47 temp 1 seqid 1 loss 11.48 pae 0.22 i_pae 0.90 i_con 3.94 dgram_cce 0.33 fape 0.61 plddt 0.84 ptm 0.52 i_ptm 0.17 rmsd 11.52 first_target_con 1.29 fold_target_con 0.02 mutation_budget 0.05 mutation_sparse 0.06
8 models [0] recycles 0 hard 0 soft 0.53 temp 1 seqid 1 loss 11.08 pae 0.22 i_pae 0.90 i_con 3.90 dgram_cce 0.33 fape 0.61 plddt 0.83 ptm 0.52 i_ptm 0.16 rmsd 8.85 first_target_con 1.20 fold_target_con 0.02 mutation_budget 0.06 mutation_sparse 0.06
9 models [0] recycles 0 hard 0 soft 0.60 temp 1 seqid 1 loss 11.27 pae 0.23 i_pae 0.90 i_con 3.92 dgram_cce 0.33 fape 0.61 plddt 0.83 ptm 0.52 i_ptm 0.17 rmsd 9.50 first_target_con 1.21 fold_target_con 0.02 mutation_budget 0.07 mutation_sparse 0.06
10 models [0] recycles 0 hard 0 soft 0.67 temp 1 seqid 1 loss 10.37 pae 0.23 i_pae 0.89 i_con 3.97 dgram_cce 0.33 fape 0.61 plddt 0.83 ptm 0.52 i_ptm 0.17 rmsd 8.38 first_target_con 1.06 fold_target_con 0.02 mutation_budget 0.08 mutation_sparse 0.06
11 models [0] recycles 0 hard 0 soft 0.73 temp 1 seqid 1 loss 12.48 pae 0.22 i_pae 0.91 i_con 3.85 dgram_cce 0.33 fape 0.61 plddt 0.84 ptm 0.52 i_ptm 0.16 rmsd 9.14 first_target_con 1.33 fold_target_con 0.02 mutation_budget 0.09 mutation_sparse 0.06
12 models [0] recycles 0 hard 0 soft 0.80 temp 1 seqid 1 loss 12.28 pae 0.23 i_pae 0.91 i_con 3.88 dgram_cce 0.33 fape 0.61 plddt 0.83 ptm 0.52 i_ptm 0.16 rmsd 9.66 first_target_con 1.26 fold_target_con 0.02 mutation_budget 0.10 mutation_sparse 0.06
13 models [0] recycles 0 hard 0 soft 0.87 temp 1 seqid 1 loss 14.04 pae 0.23 i_pae 0.91 i_con 3.85 dgram_cce 0.34 fape 0.62 plddt 0.83 ptm 0.52 i_ptm 0.16 rmsd 10.90 first_target_con 1.49 fold_target_con 0.02 mutation_budget 0.11 mutation_sparse 0.07
14 models [0] recycles 0 hard 0 soft 0.93 temp 1 seqid 1.00 loss 15.43 pae 0.23 i_pae 0.93 i_con 3.87 dgram_cce 0.33 fape 0.61 plddt 0.83 ptm 0.51 i_ptm 0.14 rmsd 18.25 first_target_con 1.65 fold_target_con 0.02 mutation_budget 0.12 mutation_sparse 0.07
15 models [0] recycles 0 hard 0 soft 1 temp 1 seqid 1.00 loss 19.86 pae 0.24 i_pae 0.95 i_con 3.74 dgram_cce 0.34 fape 0.62 plddt 0.82 ptm 0.51 i_ptm 0.13 rmsd 16.42 first_target_con 2.25 fold_target_con 0.02 mutation_budget 0.14 mutation_sparse 0.07
16 models [0] recycles 0 hard 0 soft 1 temp 0.78 seqid 1.00 loss 16.66 pae 0.24 i_pae 0.95 i_con 3.77 dgram_cce 0.34 fape 0.62 plddt 0.82 ptm 0.51 i_ptm 0.13 rmsd 14.38 first_target_con 2.04 fold_target_con 0.02 mutation_budget 0.04 mutation_sparse 0.06
17 models [0] recycles 0 hard 0 soft 1 temp 0.58 seqid 1.00 loss 17.11 pae 0.25 i_pae 0.95 i_con 3.75 dgram_cce 0.34 fape 0.62 plddt 0.82 ptm 0.51 i_ptm 0.13 rmsd 17.88 first_target_con 2.20 fold_target_con 0.03 mutation_budget 0.00 mutation_sparse 0.05
18 models [0] recycles 0 hard 0 soft 1 temp 0.42 seqid 1.00 loss 16.56 pae 0.24 i_pae 0.94 i_con 3.75 dgram_cce 0.34 fape 0.62 plddt 0.82 ptm 0.51 i_ptm 0.13 rmsd 18.86 first_target_con 2.14 fold_target_con 0.02 mutation_budget 0.00 mutation_sparse 0.05
19 models [0] recycles 0 hard 0 soft 1 temp 0.29 seqid 1.00 loss 17.73 pae 0.24 i_pae 0.95 i_con 3.77 dgram_cce 0.34 fape 0.63 plddt 0.82 ptm 0.51 i_ptm 0.12 rmsd 13.78 first_target_con 2.30 fold_target_con 0.02 mutation_budget 0 mutation_sparse 0.05
20 models [0] recycles 0 hard 0 soft 1 temp 0.18 seqid 1.00 loss 18.75 pae 0.24 i_pae 0.96 i_con 3.78 dgram_cce 0.34 fape 0.62 plddt 0.82 ptm 0.51 i_ptm 0.12 rmsd 16.00 first_target_con 2.45 fold_target_con 0.02 mutation_budget 0 mutation_sparse 0.05
21 models [0] recycles 0 hard 0 soft 1 temp 0.11 seqid 1.00 loss 18.14 pae 0.24 i_pae 0.96 i_con 3.75 dgram_cce 0.35 fape 0.63 plddt 0.81 ptm 0.51 i_ptm 0.12 rmsd 14.50 first_target_con 2.36 fold_target_con 0.03 mutation_budget 0 mutation_sparse 0.05
22 models [0] recycles 0 hard 0 soft 1 temp 0.06 seqid 0.99 loss 19.67 pae 0.25 i_pae 0.97 i_con 3.84 dgram_cce 0.35 fape 0.62 plddt 0.81 ptm 0.50 i_ptm 0.12 rmsd 12.67 first_target_con 2.58 fold_target_con 0.03 mutation_budget 0 mutation_sparse 0.05
23 models [0] recycles 0 hard 0 soft 1 temp 0.05 seqid 0.99 loss 17.80 pae 0.24 i_pae 0.96 i_con 3.82 dgram_cce 0.34 fape 0.62 plddt 0.82 ptm 0.50 i_ptm 0.12 rmsd 16.52 first_target_con 2.31 fold_target_con 0.02 mutation_budget 0 mutation_sparse 0.05
24 models [0] recycles 0 hard 1 soft 1 temp 0.05 seqid 0.99 loss 15.77 pae 0.22 i_pae 0.94 i_con 3.88 dgram_cce 0.33 fape 0.61 plddt 0.81 ptm 0.51 i_ptm 0.13 rmsd 12.56 first_target_con 2.02 fold_target_con 0.02 mutation_budget 0 mutation_sparse 0.05
25 models [0] recycles 0 hard 1 soft 1 temp 0.05 seqid 0.99 loss 15.77 pae 0.22 i_pae 0.94 i_con 3.88 dgram_cce 0.33 fape 0.61 plddt 0.81 ptm 0.51 i_ptm 0.13 rmsd 12.56 first_target_con 2.02 fold_target_con 0.02 mutation_budget 0 mutation_sparse 0.05
26 models [0] recycles 0 hard 1 soft 1 temp 0.05 seqid 0.99 loss 15.77 pae 0.22 i_pae 0.94 i_con 3.88 dgram_cce 0.33 fape 0.61 plddt 0.81 ptm 0.51 i_ptm 0.13 rmsd 12.56 first_target_con 2.02 fold_target_con 0.02 mutation_budget 0 mutation_sparse 0.05
27 models [0] recycles 0 hard 1 soft 1 temp 0.05 seqid 0.99 loss 15.77 pae 0.22 i_pae 0.94 i_con 3.88 dgram_cce 0.33 fape 0.61 plddt 0.81 ptm 0.51 i_ptm 0.13 rmsd 12.56 first_target_con 2.02 fold_target_con 0.02 mutation_budget 0 mutation_sparse 0.05
28 models [0] recycles 0 hard 1 soft 1 temp 0.05 seqid 0.99 loss 15.77 pae 0.22 i_pae 0.94 i_con 3.88 dgram_cce 0.33 fape 0.61 plddt 0.81 ptm 0.51 i_ptm 0.13 rmsd 12.56 first_target_con 2.02 fold_target_con 0.02 mutation_budget 0 mutation_sparse 0.05
FINAL c2diff_seed513_current_fixed_b19 loss=10.374 pLDDT=0.833 ipTM=0.172 mutations=19
target directed contacts fold=8202 first=508 second=254
1 models [0] recycles 0 hard 0 soft 0.07 temp 1 seqid 1 loss 24.19 pae 0.24 i_pae 0.96 i_con 3.80 dgram_cce 0.39 fape 0.62 plddt 0.82 ptm 0.51 i_ptm 0.12 rmsd 28.77 first_target_con 3.20 fold_target_con 0.03 mutation_budget 0.01 mutation_sparse 0.05
2 models [0] recycles 0 hard 0 soft 0.13 temp 1 seqid 1 loss 23.25 pae 0.24 i_pae 0.94 i_con 3.71 dgram_cce 0.38 fape 0.63 plddt 0.81 ptm 0.51 i_ptm 0.13 rmsd 29.90 first_target_con 3.05 fold_target_con 0.03 mutation_budget 0.01 mutation_sparse 0.06
3 models [0] recycles 0 hard 0 soft 0.20 temp 1 seqid 1 loss 24.04 pae 0.24 i_pae 0.95 i_con 3.80 dgram_cce 0.38 fape 0.62 plddt 0.82 ptm 0.51 i_ptm 0.13 rmsd 30.03 first_target_con 3.13 fold_target_con 0.02 mutation_budget 0.03 mutation_sparse 0.06
4 models [0] recycles 0 hard 0 soft 0.27 temp 1 seqid 1 loss 22.53 pae 0.24 i_pae 0.95 i_con 3.77 dgram_cce 0.38 fape 0.61 plddt 0.82 ptm 0.51 i_ptm 0.13 rmsd 28.76 first_target_con 2.91 fold_target_con 0.03 mutation_budget 0.03 mutation_sparse 0.06
5 models [0] recycles 0 hard 0 soft 0.33 temp 1 seqid 1 loss 22.23 pae 0.24 i_pae 0.95 i_con 3.74 dgram_cce 0.38 fape 0.62 plddt 0.82 ptm 0.51 i_ptm 0.13 rmsd 28.29 first_target_con 2.80 fold_target_con 0.02 mutation_budget 0.05 mutation_sparse 0.06
6 models [0] recycles 0 hard 0 soft 0.40 temp 1 seqid 1 loss 22.66 pae 0.23 i_pae 0.93 i_con 3.79 dgram_cce 0.37 fape 0.62 plddt 0.82 ptm 0.51 i_ptm 0.14 rmsd 30.41 first_target_con 2.83 fold_target_con 0.02 mutation_budget 0.07 mutation_sparse 0.06
7 models [0] recycles 0 hard 0 soft 0.47 temp 1 seqid 1 loss 23.11 pae 0.24 i_pae 0.95 i_con 3.76 dgram_cce 0.37 fape 0.61 plddt 0.82 ptm 0.51 i_ptm 0.12 rmsd 21.82 first_target_con 2.84 fold_target_con 0.03 mutation_budget 0.09 mutation_sparse 0.06
8 models [0] recycles 0 hard 0 soft 0.53 temp 1 seqid 1 loss 22.31 pae 0.24 i_pae 0.94 i_con 3.80 dgram_cce 0.38 fape 0.62 plddt 0.82 ptm 0.51 i_ptm 0.13 rmsd 30.87 first_target_con 2.67 fold_target_con 0.02 mutation_budget 0.11 mutation_sparse 0.07
9 models [0] recycles 0 hard 0 soft 0.60 temp 1 seqid 1 loss 22.80 pae 0.24 i_pae 0.95 i_con 3.72 dgram_cce 0.38 fape 0.62 plddt 0.82 ptm 0.51 i_ptm 0.13 rmsd 22.26 first_target_con 2.70 fold_target_con 0.02 mutation_budget 0.13 mutation_sparse 0.07
10 models [0] recycles 0 hard 0 soft 0.67 temp 1 seqid 1 loss 24.76 pae 0.23 i_pae 0.92 i_con 3.79 dgram_cce 0.38 fape 0.62 plddt 0.83 ptm 0.52 i_ptm 0.15 rmsd 34.28 first_target_con 2.88 fold_target_con 0.02 mutation_budget 0.16 mutation_sparse 0.07
11 models [0] recycles 0 hard 0 soft 0.73 temp 1 seqid 1 loss 22.13 pae 0.24 i_pae 0.94 i_con 3.83 dgram_cce 0.37 fape 0.61 plddt 0.82 ptm 0.51 i_ptm 0.13 rmsd 20.41 first_target_con 2.45 fold_target_con 0.02 mutation_budget 0.19 mutation_sparse 0.07
12 models [0] recycles 0 hard 0 soft 0.80 temp 1 seqid 1 loss 20.86 pae 0.22 i_pae 0.91 i_con 3.80 dgram_cce 0.36 fape 0.59 plddt 0.83 ptm 0.52 i_ptm 0.15 rmsd 11.11 first_target_con 2.12 fold_target_con 0.02 mutation_budget 0.24 mutation_sparse 0.07
13 models [0] recycles 0 hard 0 soft 0.87 temp 1 seqid 1 loss 27.27 pae 0.24 i_pae 0.95 i_con 3.76 dgram_cce 0.38 fape 0.62 plddt 0.82 ptm 0.51 i_ptm 0.13 rmsd 33.54 first_target_con 2.79 fold_target_con 0.02 mutation_budget 0.34 mutation_sparse 0.08
14 models [0] recycles 0 hard 0 soft 0.93 temp 1 seqid 1.00 loss 25.66 pae 0.23 i_pae 0.93 i_con 3.77 dgram_cce 0.36 fape 0.60 plddt 0.83 ptm 0.52 i_ptm 0.14 rmsd 24.83 first_target_con 2.35 fold_target_con 0.02 mutation_budget 0.42 mutation_sparse 0.08
15 models [0] recycles 0 hard 0 soft 1 temp 1 seqid 1.00 loss 29.46 pae 0.24 i_pae 0.94 i_con 3.70 dgram_cce 0.37 fape 0.62 plddt 0.82 ptm 0.51 i_ptm 0.13 rmsd 28.89 first_target_con 2.64 fold_target_con 0.03 mutation_budget 0.52 mutation_sparse 0.08
16 models [0] recycles 0 hard 0 soft 1 temp 0.78 seqid 1.00 loss 22.33 pae 0.24 i_pae 0.94 i_con 3.74 dgram_cce 0.38 fape 0.62 plddt 0.82 ptm 0.51 i_ptm 0.13 rmsd 25.52 first_target_con 2.60 fold_target_con 0.03 mutation_budget 0.14 mutation_sparse 0.07
17 models [0] recycles 0 hard 0 soft 1 temp 0.58 seqid 1.00 loss 24.29 pae 0.24 i_pae 0.96 i_con 3.80 dgram_cce 0.38 fape 0.62 plddt 0.82 ptm 0.51 i_ptm 0.12 rmsd 31.56 first_target_con 3.15 fold_target_con 0.02 mutation_budget 0.03 mutation_sparse 0.06
18 models [0] recycles 0 hard 0 soft 1 temp 0.42 seqid 0.99 loss 22.64 pae 0.24 i_pae 0.95 i_con 3.72 dgram_cce 0.38 fape 0.63 plddt 0.82 ptm 0.51 i_ptm 0.12 rmsd 29.27 first_target_con 2.97 fold_target_con 0.02 mutation_budget 0.01 mutation_sparse 0.05
19 models [0] recycles 0 hard 0 soft 1 temp 0.29 seqid 0.99 loss 20.34 pae 0.25 i_pae 0.95 i_con 3.78 dgram_cce 0.38 fape 0.62 plddt 0.81 ptm 0.50 i_ptm 0.13 rmsd 24.71 first_target_con 2.65 fold_target_con 0.03 mutation_budget 0.01 mutation_sparse 0.05
20 models [0] recycles 0 hard 0 soft 1 temp 0.18 seqid 0.99 loss 20.01 pae 0.24 i_pae 0.95 i_con 3.83 dgram_cce 0.38 fape 0.60 plddt 0.82 ptm 0.51 i_ptm 0.13 rmsd 18.88 first_target_con 2.61 fold_target_con 0.02 mutation_budget 0.01 mutation_sparse 0.05
21 models [0] recycles 0 hard 0 soft 1 temp 0.11 seqid 0.99 loss 21.86 pae 0.24 i_pae 0.95 i_con 3.75 dgram_cce 0.38 fape 0.62 plddt 0.82 ptm 0.51 i_ptm 0.13 rmsd 31.60 first_target_con 2.88 fold_target_con 0.02 mutation_budget 0.01 mutation_sparse 0.05
22 models [0] recycles 0 hard 0 soft 1 temp 0.06 seqid 0.99 loss 22.74 pae 0.25 i_pae 0.96 i_con 3.84 dgram_cce 0.38 fape 0.62 plddt 0.81 ptm 0.50 i_ptm 0.12 rmsd 29.37 first_target_con 2.99 fold_target_con 0.03 mutation_budget 0.01 mutation_sparse 0.05
23 models [0] recycles 0 hard 0 soft 1 temp 0.05 seqid 0.99 loss 20.85 pae 0.25 i_pae 0.95 i_con 3.81 dgram_cce 0.38 fape 0.62 plddt 0.81 ptm 0.50 i_ptm 0.12 rmsd 24.80 first_target_con 2.72 fold_target_con 0.03 mutation_budget 0.01 mutation_sparse 0.05
24 models [0] recycles 0 hard 1 soft 1 temp 0.05 seqid 0.99 loss 20.36 pae 0.22 i_pae 0.94 i_con 3.80 dgram_cce 0.36 fape 0.61 plddt 0.81 ptm 0.51 i_ptm 0.13 rmsd 31.66 first_target_con 2.65 fold_target_con 0.02 mutation_budget 0.01 mutation_sparse 0.05
25 models [0] recycles 0 hard 1 soft 1 temp 0.05 seqid 0.99 loss 20.36 pae 0.22 i_pae 0.94 i_con 3.80 dgram_cce 0.36 fape 0.61 plddt 0.81 ptm 0.51 i_ptm 0.13 rmsd 31.66 first_target_con 2.65 fold_target_con 0.02 mutation_budget 0.01 mutation_sparse 0.05
26 models [0] recycles 0 hard 1 soft 1 temp 0.05 seqid 0.99 loss 20.84 pae 0.22 i_pae 0.94 i_con 3.77 dgram_cce 0.36 fape 0.61 plddt 0.81 ptm 0.51 i_ptm 0.13 rmsd 31.93 first_target_con 2.72 fold_target_con 0.02 mutation_budget 0.01 mutation_sparse 0.05
27 models [0] recycles 0 hard 1 soft 1 temp 0.05 seqid 0.99 loss 20.79 pae 0.22 i_pae 0.94 i_con 3.77 dgram_cce 0.36 fape 0.61 plddt 0.81 ptm 0.51 i_ptm 0.13 rmsd 30.43 first_target_con 2.71 fold_target_con 0.02 mutation_budget 0.01 mutation_sparse 0.05
28 models [0] recycles 0 hard 1 soft 1 temp 0.05 seqid 0.99 loss 20.84 pae 0.22 i_pae 0.94 i_con 3.77 dgram_cce 0.36 fape 0.61 plddt 0.81 ptm 0.51 i_ptm 0.13 rmsd 31.93 first_target_con 2.72 fold_target_con 0.02 mutation_budget 0.01 mutation_sparse 0.05
FINAL c2diff_seed613_current_fixed_b19 loss=20.014 pLDDT=0.820 ipTM=0.125 mutations=21
task 3 complete
