task=7 base=OVA-C4-IPTM80-19C states=AC->AD budget=22
target directed contacts fold=8202 first=508 second=254
1 models [0] recycles 0 hard 0 soft 0.07 temp 1 seqid 1 loss 24.54 pae 0.24 i_pae 0.96 i_con 3.93 dgram_cce 0.37 fape 0.62 plddt 0.83 ptm 0.51 i_ptm 0.12 rmsd 19.85 first_target_con 3.27 fold_target_con 0.02 mutation_budget 0 mutation_sparse 0.05
2 models [0] recycles 0 hard 0 soft 0.13 temp 1 seqid 1 loss 23.11 pae 0.24 i_pae 0.94 i_con 3.82 dgram_cce 0.38 fape 0.62 plddt 0.82 ptm 0.51 i_ptm 0.13 rmsd 28.16 first_target_con 3.06 fold_target_con 0.03 mutation_budget 0.00 mutation_sparse 0.06
3 models [0] recycles 0 hard 0 soft 0.20 temp 1 seqid 1 loss 21.55 pae 0.24 i_pae 0.94 i_con 3.80 dgram_cce 0.38 fape 0.62 plddt 0.82 ptm 0.51 i_ptm 0.13 rmsd 26.16 first_target_con 2.82 fold_target_con 0.03 mutation_budget 0.01 mutation_sparse 0.06
4 models [0] recycles 0 hard 0 soft 0.27 temp 1 seqid 1 loss 21.00 pae 0.23 i_pae 0.93 i_con 3.88 dgram_cce 0.38 fape 0.62 plddt 0.83 ptm 0.51 i_ptm 0.14 rmsd 26.35 first_target_con 2.71 fold_target_con 0.02 mutation_budget 0.02 mutation_sparse 0.07
5 models [0] recycles 0 hard 0 soft 0.33 temp 1 seqid 1 loss 18.61 pae 0.23 i_pae 0.92 i_con 3.92 dgram_cce 0.36 fape 0.61 plddt 0.83 ptm 0.52 i_ptm 0.14 rmsd 22.23 first_target_con 2.33 fold_target_con 0.02 mutation_budget 0.04 mutation_sparse 0.07
6 models [0] recycles 0 hard 0 soft 0.40 temp 1 seqid 1 loss 18.20 pae 0.22 i_pae 0.92 i_con 3.93 dgram_cce 0.36 fape 0.59 plddt 0.84 ptm 0.52 i_ptm 0.15 rmsd 14.61 first_target_con 2.21 fold_target_con 0.02 mutation_budget 0.06 mutation_sparse 0.07
7 models [0] recycles 0 hard 0 soft 0.47 temp 1 seqid 1 loss 19.75 pae 0.22 i_pae 0.92 i_con 3.93 dgram_cce 0.37 fape 0.61 plddt 0.83 ptm 0.52 i_ptm 0.15 rmsd 24.68 first_target_con 2.35 fold_target_con 0.02 mutation_budget 0.09 mutation_sparse 0.07
8 models [0] recycles 0 hard 0 soft 0.53 temp 1 seqid 1 loss 8.62 pae 0.22 i_pae 0.67 i_con 3.82 dgram_cce 0.34 fape 0.36 plddt 0.85 ptm 0.64 i_ptm 0.39 rmsd 2.16 first_target_con 0.73 fold_target_con 0.02 mutation_budget 0.11 mutation_sparse 0.08
9 models [0] recycles 0 hard 0 soft 0.60 temp 1 seqid 1 loss 10.73 pae 0.22 i_pae 0.72 i_con 3.79 dgram_cce 0.34 fape 0.40 plddt 0.84 ptm 0.61 i_ptm 0.34 rmsd 3.15 first_target_con 0.91 fold_target_con 0.02 mutation_budget 0.16 mutation_sparse 0.08
10 models [0] recycles 0 hard 0 soft 0.67 temp 1 seqid 1 loss 17.05 pae 0.22 i_pae 0.86 i_con 3.83 dgram_cce 0.35 fape 0.46 plddt 0.84 ptm 0.55 i_ptm 0.20 rmsd 3.97 first_target_con 1.67 fold_target_con 0.02 mutation_budget 0.21 mutation_sparse 0.08
11 models [0] recycles 0 hard 0 soft 0.73 temp 1 seqid 1 loss 11.71 pae 0.22 i_pae 0.67 i_con 3.88 dgram_cce 0.34 fape 0.35 plddt 0.85 ptm 0.63 i_ptm 0.38 rmsd 2.32 first_target_con 0.76 fold_target_con 0.02 mutation_budget 0.27 mutation_sparse 0.09
12 models [0] recycles 0 hard 0 soft 0.80 temp 1 seqid 1.00 loss 11.15 pae 0.22 i_pae 0.61 i_con 3.93 dgram_cce 0.34 fape 0.34 plddt 0.85 ptm 0.66 i_ptm 0.44 rmsd 2.01 first_target_con 0.53 fold_target_con 0.02 mutation_budget 0.33 mutation_sparse 0.09
13 models [0] recycles 0 hard 0 soft 0.87 temp 1 seqid 1 loss 22.88 pae 0.22 i_pae 0.91 i_con 3.86 dgram_cce 0.37 fape 0.59 plddt 0.83 ptm 0.52 i_ptm 0.15 rmsd 16.18 first_target_con 2.13 fold_target_con 0.02 mutation_budget 0.35 mutation_sparse 0.09
14 models [0] recycles 0 hard 0 soft 0.93 temp 1 seqid 1.00 loss 25.95 pae 0.23 i_pae 0.93 i_con 3.95 dgram_cce 0.37 fape 0.61 plddt 0.83 ptm 0.52 i_ptm 0.14 rmsd 22.61 first_target_con 2.42 fold_target_con 0.02 mutation_budget 0.41 mutation_sparse 0.09
15 models [0] recycles 0 hard 0 soft 1 temp 1 seqid 1.00 loss 27.16 pae 0.23 i_pae 0.91 i_con 3.91 dgram_cce 0.36 fape 0.61 plddt 0.83 ptm 0.52 i_ptm 0.15 rmsd 27.75 first_target_con 2.52 fold_target_con 0.02 mutation_budget 0.44 mutation_sparse 0.09
16 models [0] recycles 0 hard 0 soft 1 temp 0.78 seqid 1.00 loss 22.78 pae 0.23 i_pae 0.93 i_con 3.92 dgram_cce 0.37 fape 0.62 plddt 0.83 ptm 0.51 i_ptm 0.14 rmsd 29.39 first_target_con 2.72 fold_target_con 0.02 mutation_budget 0.11 mutation_sparse 0.08
17 models [0] recycles 0 hard 0 soft 1 temp 0.58 seqid 1.00 loss 21.53 pae 0.24 i_pae 0.94 i_con 3.90 dgram_cce 0.38 fape 0.62 plddt 0.82 ptm 0.51 i_ptm 0.13 rmsd 27.96 first_target_con 2.82 fold_target_con 0.02 mutation_budget 0.01 mutation_sparse 0.06
18 models [0] recycles 0 hard 0 soft 1 temp 0.42 seqid 0.99 loss 20.92 pae 0.24 i_pae 0.94 i_con 3.78 dgram_cce 0.38 fape 0.62 plddt 0.82 ptm 0.51 i_ptm 0.13 rmsd 27.04 first_target_con 2.75 fold_target_con 0.03 mutation_budget 0 mutation_sparse 0.06
19 models [0] recycles 0 hard 0 soft 1 temp 0.29 seqid 0.99 loss 20.87 pae 0.23 i_pae 0.94 i_con 3.81 dgram_cce 0.37 fape 0.61 plddt 0.82 ptm 0.51 i_ptm 0.13 rmsd 23.99 first_target_con 2.75 fold_target_con 0.02 mutation_budget 0 mutation_sparse 0.05
20 models [0] recycles 0 hard 0 soft 1 temp 0.18 seqid 0.99 loss 21.76 pae 0.24 i_pae 0.94 i_con 3.84 dgram_cce 0.37 fape 0.62 plddt 0.82 ptm 0.51 i_ptm 0.13 rmsd 25.23 first_target_con 2.87 fold_target_con 0.02 mutation_budget 0 mutation_sparse 0.05
21 models [0] recycles 0 hard 0 soft 1 temp 0.11 seqid 0.99 loss 22.40 pae 0.25 i_pae 0.94 i_con 3.82 dgram_cce 0.38 fape 0.62 plddt 0.81 ptm 0.50 i_ptm 0.13 rmsd 29.21 first_target_con 2.96 fold_target_con 0.03 mutation_budget 0 mutation_sparse 0.05
22 models [0] recycles 0 hard 0 soft 1 temp 0.06 seqid 0.99 loss 21.71 pae 0.24 i_pae 0.93 i_con 3.90 dgram_cce 0.37 fape 0.62 plddt 0.82 ptm 0.51 i_ptm 0.14 rmsd 27.95 first_target_con 2.87 fold_target_con 0.02 mutation_budget 0 mutation_sparse 0.05
23 models [0] recycles 0 hard 0 soft 1 temp 0.05 seqid 0.99 loss 22.60 pae 0.24 i_pae 0.95 i_con 3.86 dgram_cce 0.38 fape 0.62 plddt 0.82 ptm 0.51 i_ptm 0.13 rmsd 30.42 first_target_con 2.99 fold_target_con 0.02 mutation_budget 0 mutation_sparse 0.05
24 models [0] recycles 0 hard 1 soft 1 temp 0.05 seqid 0.99 loss 20.41 pae 0.22 i_pae 0.93 i_con 3.86 dgram_cce 0.36 fape 0.60 plddt 0.81 ptm 0.52 i_ptm 0.13 rmsd 25.50 first_target_con 2.68 fold_target_con 0.02 mutation_budget 0 mutation_sparse 0.05
25 models [0] recycles 0 hard 1 soft 1 temp 0.05 seqid 0.99 loss 20.51 pae 0.22 i_pae 0.93 i_con 3.87 dgram_cce 0.36 fape 0.60 plddt 0.81 ptm 0.52 i_ptm 0.13 rmsd 25.82 first_target_con 2.70 fold_target_con 0.02 mutation_budget 0 mutation_sparse 0.05
26 models [0] recycles 0 hard 1 soft 1 temp 0.05 seqid 0.99 loss 20.41 pae 0.22 i_pae 0.93 i_con 3.86 dgram_cce 0.36 fape 0.60 plddt 0.81 ptm 0.52 i_ptm 0.13 rmsd 25.50 first_target_con 2.68 fold_target_con 0.02 mutation_budget 0 mutation_sparse 0.05
27 models [0] recycles 0 hard 1 soft 1 temp 0.05 seqid 0.99 loss 20.51 pae 0.22 i_pae 0.93 i_con 3.87 dgram_cce 0.36 fape 0.60 plddt 0.81 ptm 0.52 i_ptm 0.13 rmsd 25.82 first_target_con 2.70 fold_target_con 0.02 mutation_budget 0 mutation_sparse 0.05
28 models [0] recycles 0 hard 1 soft 1 temp 0.05 seqid 0.99 loss 20.41 pae 0.22 i_pae 0.93 i_con 3.86 dgram_cce 0.36 fape 0.60 plddt 0.81 ptm 0.52 i_ptm 0.13 rmsd 25.50 first_target_con 2.68 fold_target_con 0.02 mutation_budget 0 mutation_sparse 0.05
FINAL c2diff_seed517_current_fixed_b22 loss=8.618 pLDDT=0.847 ipTM=0.395 mutations=19
target directed contacts fold=8196 first=284 second=18
1 models [0] recycles 0 hard 0 soft 0.07 temp 1 seqid 1 loss 26.32 pae 0.24 i_pae 0.94 i_con 3.79 dgram_cce 0.40 fape 0.62 plddt 0.82 ptm 0.51 i_ptm 0.13 rmsd 36.50 first_target_con 4.11 fold_target_con 0.03 mutation_budget 0 mutation_sparse 0.05
2 models [0] recycles 0 hard 0 soft 0.13 temp 1 seqid 1 loss 26.92 pae 0.24 i_pae 0.95 i_con 3.84 dgram_cce 0.40 fape 0.62 plddt 0.82 ptm 0.51 i_ptm 0.13 rmsd 34.02 first_target_con 4.21 fold_target_con 0.03 mutation_budget 0 mutation_sparse 0.06
3 models [0] recycles 0 hard 0 soft 0.20 temp 1 seqid 1 loss 25.36 pae 0.24 i_pae 0.93 i_con 3.79 dgram_cce 0.40 fape 0.62 plddt 0.82 ptm 0.51 i_ptm 0.14 rmsd 33.71 first_target_con 3.94 fold_target_con 0.02 mutation_budget 0.00 mutation_sparse 0.06
4 models [0] recycles 0 hard 0 soft 0.27 temp 1 seqid 1 loss 24.01 pae 0.24 i_pae 0.95 i_con 3.87 dgram_cce 0.40 fape 0.62 plddt 0.81 ptm 0.51 i_ptm 0.12 rmsd 33.00 first_target_con 3.67 fold_target_con 0.03 mutation_budget 0.02 mutation_sparse 0.06
5 models [0] recycles 0 hard 0 soft 0.33 temp 1 seqid 1 loss 25.75 pae 0.24 i_pae 0.94 i_con 3.93 dgram_cce 0.39 fape 0.62 plddt 0.82 ptm 0.51 i_ptm 0.13 rmsd 35.07 first_target_con 3.91 fold_target_con 0.02 mutation_budget 0.03 mutation_sparse 0.07
6 models [0] recycles 0 hard 0 soft 0.40 temp 1 seqid 1 loss 19.80 pae 0.24 i_pae 0.91 i_con 3.80 dgram_cce 0.39 fape 0.61 plddt 0.82 ptm 0.52 i_ptm 0.16 rmsd 13.19 first_target_con 2.86 fold_target_con 0.02 mutation_budget 0.06 mutation_sparse 0.07
7 models [0] recycles 0 hard 0 soft 0.47 temp 1 seqid 1 loss 19.47 pae 0.24 i_pae 0.87 i_con 3.76 dgram_cce 0.39 fape 0.60 plddt 0.82 ptm 0.53 i_ptm 0.18 rmsd 13.95 first_target_con 2.71 fold_target_con 0.02 mutation_budget 0.09 mutation_sparse 0.07
8 models [0] recycles 0 hard 0 soft 0.53 temp 1 seqid 1 loss 18.43 pae 0.23 i_pae 0.86 i_con 3.73 dgram_cce 0.38 fape 0.57 plddt 0.83 ptm 0.54 i_ptm 0.19 rmsd 9.15 first_target_con 2.45 fold_target_con 0.02 mutation_budget 0.12 mutation_sparse 0.08
9 models [0] recycles 0 hard 0 soft 0.60 temp 1 seqid 1 loss 17.71 pae 0.23 i_pae 0.84 i_con 3.72 dgram_cce 0.37 fape 0.59 plddt 0.83 ptm 0.55 i_ptm 0.21 rmsd 11.71 first_target_con 2.25 fold_target_con 0.02 mutation_budget 0.14 mutation_sparse 0.08
10 models [0] recycles 0 hard 0 soft 0.67 temp 1 seqid 1 loss 16.71 pae 0.23 i_pae 0.80 i_con 3.66 dgram_cce 0.37 fape 0.59 plddt 0.82 ptm 0.55 i_ptm 0.23 rmsd 10.00 first_target_con 2.00 fold_target_con 0.02 mutation_budget 0.18 mutation_sparse 0.08
11 models [0] recycles 0 hard 0 soft 0.73 temp 1 seqid 1.00 loss 16.62 pae 0.23 i_pae 0.82 i_con 3.61 dgram_cce 0.38 fape 0.57 plddt 0.82 ptm 0.55 i_ptm 0.22 rmsd 9.05 first_target_con 1.92 fold_target_con 0.02 mutation_budget 0.20 mutation_sparse 0.08
12 models [0] recycles 0 hard 0 soft 0.80 temp 1 seqid 1.00 loss 15.41 pae 0.23 i_pae 0.72 i_con 3.69 dgram_cce 0.37 fape 0.58 plddt 0.83 ptm 0.60 i_ptm 0.32 rmsd 9.22 first_target_con 1.63 fold_target_con 0.02 mutation_budget 0.23 mutation_sparse 0.08
13 models [0] recycles 0 hard 0 soft 0.87 temp 1 seqid 1 loss 19.95 pae 0.24 i_pae 0.86 i_con 3.61 dgram_cce 0.38 fape 0.58 plddt 0.82 ptm 0.54 i_ptm 0.20 rmsd 10.57 first_target_con 2.26 fold_target_con 0.02 mutation_budget 0.27 mutation_sparse 0.09
14 models [0] recycles 0 hard 0 soft 0.93 temp 1 seqid 1.00 loss 20.58 pae 0.23 i_pae 0.84 i_con 3.71 dgram_cce 0.37 fape 0.58 plddt 0.83 ptm 0.54 i_ptm 0.20 rmsd 9.27 first_target_con 2.23 fold_target_con 0.02 mutation_budget 0.31 mutation_sparse 0.09
15 models [0] recycles 0 hard 0 soft 1 temp 1 seqid 0.99 loss 25.80 pae 0.23 i_pae 0.92 i_con 3.82 dgram_cce 0.38 fape 0.60 plddt 0.83 ptm 0.52 i_ptm 0.15 rmsd 18.14 first_target_con 2.97 fold_target_con 0.02 mutation_budget 0.35 mutation_sparse 0.09
16 models [0] recycles 0 hard 0 soft 1 temp 0.78 seqid 1.00 loss 22.03 pae 0.23 i_pae 0.91 i_con 3.86 dgram_cce 0.38 fape 0.62 plddt 0.82 ptm 0.52 i_ptm 0.16 rmsd 27.40 first_target_con 2.95 fold_target_con 0.02 mutation_budget 0.15 mutation_sparse 0.08
17 models [0] recycles 0 hard 0 soft 1 temp 0.58 seqid 0.99 loss 23.01 pae 0.24 i_pae 0.93 i_con 3.84 dgram_cce 0.39 fape 0.62 plddt 0.82 ptm 0.51 i_ptm 0.14 rmsd 31.01 first_target_con 3.44 fold_target_con 0.02 mutation_budget 0.04 mutation_sparse 0.07
18 models [0] recycles 0 hard 0 soft 1 temp 0.42 seqid 0.99 loss 22.47 pae 0.25 i_pae 0.94 i_con 3.88 dgram_cce 0.40 fape 0.62 plddt 0.81 ptm 0.51 i_ptm 0.13 rmsd 24.56 first_target_con 3.43 fold_target_con 0.03 mutation_budget 0.01 mutation_sparse 0.06
19 models [0] recycles 0 hard 0 soft 1 temp 0.29 seqid 0.99 loss 22.24 pae 0.25 i_pae 0.94 i_con 3.82 dgram_cce 0.40 fape 0.63 plddt 0.81 ptm 0.51 i_ptm 0.13 rmsd 30.81 first_target_con 3.43 fold_target_con 0.03 mutation_budget 0.00 mutation_sparse 0.06
20 models [0] recycles 0 hard 0 soft 1 temp 0.18 seqid 0.99 loss 22.42 pae 0.24 i_pae 0.93 i_con 3.76 dgram_cce 0.39 fape 0.62 plddt 0.82 ptm 0.51 i_ptm 0.14 rmsd 29.17 first_target_con 3.46 fold_target_con 0.02 mutation_budget 0.00 mutation_sparse 0.06
21 models [0] recycles 0 hard 0 soft 1 temp 0.11 seqid 0.99 loss 23.32 pae 0.25 i_pae 0.94 i_con 3.81 dgram_cce 0.41 fape 0.63 plddt 0.81 ptm 0.51 i_ptm 0.13 rmsd 34.84 first_target_con 3.61 fold_target_con 0.03 mutation_budget 0.00 mutation_sparse 0.06
22 models [0] recycles 0 hard 0 soft 1 temp 0.06 seqid 0.98 loss 21.38 pae 0.25 i_pae 0.94 i_con 3.81 dgram_cce 0.40 fape 0.63 plddt 0.81 ptm 0.51 i_ptm 0.13 rmsd 26.10 first_target_con 3.29 fold_target_con 0.03 mutation_budget 0.00 mutation_sparse 0.06
23 models [0] recycles 0 hard 0 soft 1 temp 0.05 seqid 0.99 loss 22.01 pae 0.24 i_pae 0.94 i_con 3.83 dgram_cce 0.40 fape 0.63 plddt 0.81 ptm 0.51 i_ptm 0.13 rmsd 27.58 first_target_con 3.39 fold_target_con 0.03 mutation_budget 0 mutation_sparse 0.06
24 models [0] recycles 0 hard 1 soft 1 temp 0.05 seqid 0.98 loss 21.78 pae 0.22 i_pae 0.93 i_con 3.79 dgram_cce 0.38 fape 0.61 plddt 0.81 ptm 0.52 i_ptm 0.13 rmsd 31.61 first_target_con 3.35 fold_target_con 0.02 mutation_budget 0.00 mutation_sparse 0.06
25 models [0] recycles 0 hard 1 soft 1 temp 0.05 seqid 0.99 loss 21.97 pae 0.22 i_pae 0.94 i_con 3.80 dgram_cce 0.38 fape 0.61 plddt 0.81 ptm 0.51 i_ptm 0.13 rmsd 31.95 first_target_con 3.39 fold_target_con 0.02 mutation_budget 0 mutation_sparse 0.06
26 models [0] recycles 0 hard 1 soft 1 temp 0.05 seqid 0.99 loss 22.57 pae 0.22 i_pae 0.94 i_con 3.82 dgram_cce 0.38 fape 0.62 plddt 0.81 ptm 0.51 i_ptm 0.13 rmsd 34.46 first_target_con 3.49 fold_target_con 0.02 mutation_budget 0 mutation_sparse 0.05
27 models [0] recycles 0 hard 1 soft 1 temp 0.05 seqid 0.99 loss 22.92 pae 0.22 i_pae 0.94 i_con 3.85 dgram_cce 0.38 fape 0.62 plddt 0.81 ptm 0.52 i_ptm 0.13 rmsd 31.99 first_target_con 3.55 fold_target_con 0.02 mutation_budget 0 mutation_sparse 0.06
28 models [0] recycles 0 hard 1 soft 1 temp 0.05 seqid 0.99 loss 24.15 pae 0.22 i_pae 0.94 i_con 3.84 dgram_cce 0.38 fape 0.61 plddt 0.81 ptm 0.51 i_ptm 0.13 rmsd 32.41 first_target_con 3.74 fold_target_con 0.02 mutation_budget 0.00 mutation_sparse 0.06
FINAL c2diff_seed617_current_free_b22 loss=15.408 pLDDT=0.833 ipTM=0.318 mutations=20
task 7 complete
