task=0 base=OVA-C4-IPTM80-19A states=AB->AC budget=19
target directed contacts fold=8208 first=410 second=360
1 models [0] recycles 0 hard 0 soft 0.07 temp 1 seqid 1 loss 23.77 pae 0.24 i_pae 0.95 i_con 3.77 dgram_cce 0.35 fape 0.63 plddt 0.81 ptm 0.51 i_ptm 0.13 rmsd 26.05 first_target_con 3.16 fold_target_con 0.03 mutation_budget 0.00 mutation_sparse 0.05
2 models [0] recycles 0 hard 0 soft 0.13 temp 1 seqid 1 loss 23.60 pae 0.25 i_pae 0.94 i_con 3.79 dgram_cce 0.35 fape 0.63 plddt 0.81 ptm 0.50 i_ptm 0.13 rmsd 27.00 first_target_con 3.13 fold_target_con 0.03 mutation_budget 0.00 mutation_sparse 0.05
3 models [0] recycles 0 hard 0 soft 0.20 temp 1 seqid 1 loss 24.95 pae 0.24 i_pae 0.95 i_con 3.80 dgram_cce 0.35 fape 0.63 plddt 0.82 ptm 0.51 i_ptm 0.12 rmsd 27.22 first_target_con 3.30 fold_target_con 0.02 mutation_budget 0.01 mutation_sparse 0.05
4 models [0] recycles 0 hard 0 soft 0.27 temp 1 seqid 1 loss 21.78 pae 0.24 i_pae 0.94 i_con 3.76 dgram_cce 0.34 fape 0.62 plddt 0.82 ptm 0.51 i_ptm 0.13 rmsd 25.88 first_target_con 2.85 fold_target_con 0.02 mutation_budget 0.01 mutation_sparse 0.06
5 models [0] recycles 0 hard 0 soft 0.33 temp 1 seqid 1 loss 21.92 pae 0.25 i_pae 0.93 i_con 3.80 dgram_cce 0.35 fape 0.62 plddt 0.81 ptm 0.51 i_ptm 0.14 rmsd 25.91 first_target_con 2.84 fold_target_con 0.03 mutation_budget 0.02 mutation_sparse 0.06
6 models [0] recycles 0 hard 0 soft 0.40 temp 1 seqid 1 loss 22.39 pae 0.25 i_pae 0.93 i_con 3.73 dgram_cce 0.35 fape 0.64 plddt 0.81 ptm 0.51 i_ptm 0.14 rmsd 26.83 first_target_con 2.90 fold_target_con 0.03 mutation_budget 0.03 mutation_sparse 0.06
7 models [0] recycles 0 hard 0 soft 0.47 temp 1 seqid 1 loss 20.36 pae 0.24 i_pae 0.94 i_con 3.85 dgram_cce 0.34 fape 0.63 plddt 0.82 ptm 0.51 i_ptm 0.14 rmsd 28.00 first_target_con 2.59 fold_target_con 0.02 mutation_budget 0.03 mutation_sparse 0.06
8 models [0] recycles 0 hard 0 soft 0.53 temp 1 seqid 1 loss 20.30 pae 0.24 i_pae 0.95 i_con 3.82 dgram_cce 0.34 fape 0.62 plddt 0.82 ptm 0.51 i_ptm 0.13 rmsd 27.87 first_target_con 2.54 fold_target_con 0.03 mutation_budget 0.05 mutation_sparse 0.06
9 models [0] recycles 0 hard 0 soft 0.60 temp 1 seqid 1 loss 20.80 pae 0.24 i_pae 0.95 i_con 3.79 dgram_cce 0.34 fape 0.63 plddt 0.82 ptm 0.51 i_ptm 0.13 rmsd 26.26 first_target_con 2.59 fold_target_con 0.03 mutation_budget 0.06 mutation_sparse 0.06
10 models [0] recycles 0 hard 0 soft 0.67 temp 1 seqid 1 loss 18.93 pae 0.24 i_pae 0.94 i_con 3.86 dgram_cce 0.35 fape 0.63 plddt 0.82 ptm 0.51 i_ptm 0.14 rmsd 27.13 first_target_con 2.30 fold_target_con 0.03 mutation_budget 0.06 mutation_sparse 0.06
11 models [0] recycles 0 hard 0 soft 0.73 temp 1 seqid 1.00 loss 21.05 pae 0.24 i_pae 0.95 i_con 3.87 dgram_cce 0.35 fape 0.63 plddt 0.82 ptm 0.51 i_ptm 0.13 rmsd 30.14 first_target_con 2.55 fold_target_con 0.03 mutation_budget 0.09 mutation_sparse 0.06
12 models [0] recycles 0 hard 0 soft 0.80 temp 1 seqid 1 loss 18.39 pae 0.24 i_pae 0.95 i_con 3.89 dgram_cce 0.34 fape 0.63 plddt 0.82 ptm 0.51 i_ptm 0.12 rmsd 14.71 first_target_con 2.14 fold_target_con 0.02 mutation_budget 0.10 mutation_sparse 0.06
13 models [0] recycles 0 hard 0 soft 0.87 temp 1 seqid 1.00 loss 20.65 pae 0.24 i_pae 0.96 i_con 3.94 dgram_cce 0.34 fape 0.63 plddt 0.81 ptm 0.50 i_ptm 0.12 rmsd 17.92 first_target_con 2.38 fold_target_con 0.03 mutation_budget 0.13 mutation_sparse 0.07
14 models [0] recycles 0 hard 0 soft 0.93 temp 1 seqid 1.00 loss 21.93 pae 0.24 i_pae 0.96 i_con 3.90 dgram_cce 0.34 fape 0.62 plddt 0.82 ptm 0.51 i_ptm 0.12 rmsd 26.60 first_target_con 2.49 fold_target_con 0.02 mutation_budget 0.16 mutation_sparse 0.07
15 models [0] recycles 0 hard 0 soft 1 temp 1 seqid 0.99 loss 20.44 pae 0.23 i_pae 0.96 i_con 3.98 dgram_cce 0.34 fape 0.62 plddt 0.83 ptm 0.51 i_ptm 0.12 rmsd 18.22 first_target_con 2.19 fold_target_con 0.02 mutation_budget 0.19 mutation_sparse 0.07
16 models [0] recycles 0 hard 0 soft 1 temp 0.78 seqid 0.99 loss 19.34 pae 0.24 i_pae 0.96 i_con 3.90 dgram_cce 0.34 fape 0.62 plddt 0.82 ptm 0.51 i_ptm 0.12 rmsd 26.59 first_target_con 2.35 fold_target_con 0.02 mutation_budget 0.07 mutation_sparse 0.06
17 models [0] recycles 0 hard 0 soft 1 temp 0.58 seqid 0.99 loss 16.50 pae 0.24 i_pae 0.95 i_con 3.93 dgram_cce 0.34 fape 0.63 plddt 0.83 ptm 0.51 i_ptm 0.12 rmsd 19.63 first_target_con 2.08 fold_target_con 0.02 mutation_budget 0.02 mutation_sparse 0.06
18 models [0] recycles 0 hard 0 soft 1 temp 0.42 seqid 0.99 loss 18.35 pae 0.24 i_pae 0.96 i_con 3.80 dgram_cce 0.35 fape 0.63 plddt 0.82 ptm 0.50 i_ptm 0.12 rmsd 23.38 first_target_con 2.37 fold_target_con 0.03 mutation_budget 0.01 mutation_sparse 0.05
19 models [0] recycles 0 hard 0 soft 1 temp 0.29 seqid 0.99 loss 17.57 pae 0.24 i_pae 0.95 i_con 3.88 dgram_cce 0.35 fape 0.63 plddt 0.82 ptm 0.51 i_ptm 0.13 rmsd 19.49 first_target_con 2.26 fold_target_con 0.03 mutation_budget 0.00 mutation_sparse 0.05
20 models [0] recycles 0 hard 0 soft 1 temp 0.18 seqid 0.99 loss 19.86 pae 0.24 i_pae 0.95 i_con 3.90 dgram_cce 0.34 fape 0.62 plddt 0.82 ptm 0.51 i_ptm 0.13 rmsd 29.00 first_target_con 2.60 fold_target_con 0.02 mutation_budget 0.00 mutation_sparse 0.05
21 models [0] recycles 0 hard 0 soft 1 temp 0.11 seqid 0.99 loss 18.98 pae 0.24 i_pae 0.96 i_con 3.86 dgram_cce 0.34 fape 0.63 plddt 0.82 ptm 0.51 i_ptm 0.12 rmsd 26.06 first_target_con 2.47 fold_target_con 0.02 mutation_budget 0.00 mutation_sparse 0.05
22 models [0] recycles 0 hard 0 soft 1 temp 0.06 seqid 0.98 loss 19.44 pae 0.24 i_pae 0.97 i_con 3.99 dgram_cce 0.34 fape 0.63 plddt 0.82 ptm 0.50 i_ptm 0.11 rmsd 27.51 first_target_con 2.53 fold_target_con 0.02 mutation_budget 0.00 mutation_sparse 0.05
23 models [0] recycles 0 hard 0 soft 1 temp 0.05 seqid 0.99 loss 18.93 pae 0.24 i_pae 0.96 i_con 3.80 dgram_cce 0.35 fape 0.63 plddt 0.82 ptm 0.50 i_ptm 0.12 rmsd 28.83 first_target_con 2.46 fold_target_con 0.03 mutation_budget 0.00 mutation_sparse 0.05
24 models [0] recycles 0 hard 1 soft 1 temp 0.05 seqid 0.99 loss 16.35 pae 0.22 i_pae 0.94 i_con 3.83 dgram_cce 0.33 fape 0.61 plddt 0.81 ptm 0.51 i_ptm 0.13 rmsd 23.63 first_target_con 2.10 fold_target_con 0.02 mutation_budget 0.00 mutation_sparse 0.05
25 models [0] recycles 0 hard 1 soft 1 temp 0.05 seqid 0.99 loss 16.35 pae 0.22 i_pae 0.94 i_con 3.83 dgram_cce 0.33 fape 0.61 plddt 0.81 ptm 0.51 i_ptm 0.13 rmsd 23.63 first_target_con 2.10 fold_target_con 0.02 mutation_budget 0.00 mutation_sparse 0.05
26 models [0] recycles 0 hard 1 soft 1 temp 0.05 seqid 0.99 loss 16.35 pae 0.22 i_pae 0.94 i_con 3.83 dgram_cce 0.33 fape 0.61 plddt 0.81 ptm 0.51 i_ptm 0.13 rmsd 23.63 first_target_con 2.10 fold_target_con 0.02 mutation_budget 0.00 mutation_sparse 0.05
27 models [0] recycles 0 hard 1 soft 1 temp 0.05 seqid 0.99 loss 18.82 pae 0.22 i_pae 0.94 i_con 3.76 dgram_cce 0.33 fape 0.62 plddt 0.81 ptm 0.51 i_ptm 0.13 rmsd 27.33 first_target_con 2.46 fold_target_con 0.02 mutation_budget 0 mutation_sparse 0.05
28 models [0] recycles 0 hard 1 soft 1 temp 0.05 seqid 0.98 loss 17.36 pae 0.22 i_pae 0.96 i_con 4.01 dgram_cce 0.33 fape 0.62 plddt 0.81 ptm 0.51 i_ptm 0.12 rmsd 10.58 first_target_con 2.24 fold_target_con 0.02 mutation_budget 0.00 mutation_sparse 0.05
FINAL c2diff_seed510_current_fixed_b19 loss=16.353 pLDDT=0.812 ipTM=0.128 mutations=20
target directed contacts fold=8202 first=508 second=254
1 models [0] recycles 0 hard 0 soft 0.07 temp 1 seqid 1 loss 23.77 pae 0.24 i_pae 0.95 i_con 3.82 dgram_cce 0.38 fape 0.62 plddt 0.82 ptm 0.51 i_ptm 0.12 rmsd 24.09 first_target_con 3.12 fold_target_con 0.03 mutation_budget 0.02 mutation_sparse 0.06
2 models [0] recycles 0 hard 0 soft 0.13 temp 1 seqid 1 loss 22.85 pae 0.24 i_pae 0.95 i_con 3.73 dgram_cce 0.38 fape 0.62 plddt 0.82 ptm 0.50 i_ptm 0.12 rmsd 26.55 first_target_con 2.99 fold_target_con 0.03 mutation_budget 0.02 mutation_sparse 0.06
3 models [0] recycles 0 hard 0 soft 0.20 temp 1 seqid 1 loss 21.57 pae 0.24 i_pae 0.94 i_con 3.83 dgram_cce 0.38 fape 0.61 plddt 0.82 ptm 0.51 i_ptm 0.13 rmsd 25.57 first_target_con 2.79 fold_target_con 0.03 mutation_budget 0.02 mutation_sparse 0.06
4 models [0] recycles 0 hard 0 soft 0.27 temp 1 seqid 1 loss 21.14 pae 0.24 i_pae 0.94 i_con 3.74 dgram_cce 0.38 fape 0.62 plddt 0.82 ptm 0.51 i_ptm 0.14 rmsd 19.63 first_target_con 2.72 fold_target_con 0.03 mutation_budget 0.03 mutation_sparse 0.06
5 models [0] recycles 0 hard 0 soft 0.33 temp 1 seqid 1 loss 22.70 pae 0.23 i_pae 0.94 i_con 3.86 dgram_cce 0.37 fape 0.61 plddt 0.83 ptm 0.51 i_ptm 0.13 rmsd 28.92 first_target_con 2.90 fold_target_con 0.02 mutation_budget 0.04 mutation_sparse 0.06
6 models [0] recycles 0 hard 0 soft 0.40 temp 1 seqid 1 loss 20.97 pae 0.24 i_pae 0.94 i_con 3.79 dgram_cce 0.37 fape 0.60 plddt 0.82 ptm 0.51 i_ptm 0.14 rmsd 17.88 first_target_con 2.61 fold_target_con 0.02 mutation_budget 0.06 mutation_sparse 0.06
7 models [0] recycles 0 hard 0 soft 0.47 temp 1 seqid 1 loss 20.96 pae 0.23 i_pae 0.93 i_con 3.85 dgram_cce 0.37 fape 0.61 plddt 0.83 ptm 0.51 i_ptm 0.14 rmsd 24.93 first_target_con 2.58 fold_target_con 0.02 mutation_budget 0.07 mutation_sparse 0.06
8 models [0] recycles 0 hard 0 soft 0.53 temp 1 seqid 1 loss 20.63 pae 0.23 i_pae 0.93 i_con 3.78 dgram_cce 0.37 fape 0.61 plddt 0.83 ptm 0.52 i_ptm 0.14 rmsd 24.70 first_target_con 2.48 fold_target_con 0.02 mutation_budget 0.09 mutation_sparse 0.06
9 models [0] recycles 0 hard 0 soft 0.60 temp 1 seqid 1 loss 17.27 pae 0.23 i_pae 0.90 i_con 3.80 dgram_cce 0.36 fape 0.45 plddt 0.83 ptm 0.53 i_ptm 0.17 rmsd 5.37 first_target_con 1.95 fold_target_con 0.02 mutation_budget 0.11 mutation_sparse 0.07
10 models [0] recycles 0 hard 0 soft 0.67 temp 1 seqid 1 loss 12.25 pae 0.22 i_pae 0.75 i_con 3.82 dgram_cce 0.35 fape 0.37 plddt 0.84 ptm 0.59 i_ptm 0.30 rmsd 2.27 first_target_con 1.07 fold_target_con 0.02 mutation_budget 0.18 mutation_sparse 0.07
11 models [0] recycles 0 hard 0 soft 0.73 temp 1 seqid 1 loss 11.07 pae 0.22 i_pae 0.64 i_con 3.87 dgram_cce 0.34 fape 0.34 plddt 0.85 ptm 0.65 i_ptm 0.41 rmsd 1.88 first_target_con 0.73 fold_target_con 0.02 mutation_budget 0.25 mutation_sparse 0.07
12 models [0] recycles 0 hard 0 soft 0.80 temp 1 seqid 1 loss 12.02 pae 0.22 i_pae 0.63 i_con 3.96 dgram_cce 0.34 fape 0.35 plddt 0.85 ptm 0.65 i_ptm 0.42 rmsd 1.86 first_target_con 0.68 fold_target_con 0.02 mutation_budget 0.32 mutation_sparse 0.08
13 models [0] recycles 0 hard 0 soft 0.87 temp 1 seqid 1 loss 25.55 pae 0.23 i_pae 0.93 i_con 3.83 dgram_cce 0.37 fape 0.60 plddt 0.83 ptm 0.52 i_ptm 0.14 rmsd 21.48 first_target_con 2.40 fold_target_con 0.02 mutation_budget 0.39 mutation_sparse 0.08
14 models [0] recycles 0 hard 0 soft 0.93 temp 1 seqid 1 loss 26.47 pae 0.23 i_pae 0.93 i_con 3.83 dgram_cce 0.37 fape 0.61 plddt 0.83 ptm 0.51 i_ptm 0.14 rmsd 24.08 first_target_con 2.41 fold_target_con 0.02 mutation_budget 0.44 mutation_sparse 0.08
15 models [0] recycles 0 hard 0 soft 1 temp 1 seqid 1 loss 29.56 pae 0.24 i_pae 0.95 i_con 3.82 dgram_cce 0.38 fape 0.62 plddt 0.82 ptm 0.51 i_ptm 0.13 rmsd 17.82 first_target_con 2.73 fold_target_con 0.03 mutation_budget 0.49 mutation_sparse 0.08
16 models [0] recycles 0 hard 0 soft 1 temp 0.78 seqid 1.00 loss 22.40 pae 0.24 i_pae 0.94 i_con 3.79 dgram_cce 0.37 fape 0.62 plddt 0.82 ptm 0.51 i_ptm 0.13 rmsd 23.59 first_target_con 2.62 fold_target_con 0.02 mutation_budget 0.13 mutation_sparse 0.07
17 models [0] recycles 0 hard 0 soft 1 temp 0.58 seqid 0.99 loss 21.41 pae 0.24 i_pae 0.93 i_con 3.76 dgram_cce 0.38 fape 0.62 plddt 0.82 ptm 0.51 i_ptm 0.14 rmsd 27.40 first_target_con 2.75 fold_target_con 0.03 mutation_budget 0.03 mutation_sparse 0.06
18 models [0] recycles 0 hard 0 soft 1 temp 0.42 seqid 0.99 loss 19.65 pae 0.24 i_pae 0.93 i_con 3.82 dgram_cce 0.37 fape 0.61 plddt 0.82 ptm 0.51 i_ptm 0.14 rmsd 19.05 first_target_con 2.55 fold_target_con 0.02 mutation_budget 0.01 mutation_sparse 0.05
19 models [0] recycles 0 hard 0 soft 1 temp 0.29 seqid 0.99 loss 18.44 pae 0.24 i_pae 0.93 i_con 3.72 dgram_cce 0.38 fape 0.62 plddt 0.82 ptm 0.51 i_ptm 0.14 rmsd 19.48 first_target_con 2.39 fold_target_con 0.02 mutation_budget 0.01 mutation_sparse 0.05
20 models [0] recycles 0 hard 0 soft 1 temp 0.18 seqid 0.99 loss 21.94 pae 0.24 i_pae 0.95 i_con 3.75 dgram_cce 0.38 fape 0.62 plddt 0.82 ptm 0.50 i_ptm 0.12 rmsd 24.67 first_target_con 2.89 fold_target_con 0.03 mutation_budget 0.01 mutation_sparse 0.05
21 models [0] recycles 0 hard 0 soft 1 temp 0.11 seqid 0.99 loss 19.92 pae 0.23 i_pae 0.93 i_con 3.79 dgram_cce 0.37 fape 0.62 plddt 0.82 ptm 0.51 i_ptm 0.13 rmsd 22.20 first_target_con 2.60 fold_target_con 0.02 mutation_budget 0.00 mutation_sparse 0.05
22 models [0] recycles 0 hard 0 soft 1 temp 0.06 seqid 0.99 loss 21.42 pae 0.24 i_pae 0.94 i_con 3.79 dgram_cce 0.38 fape 0.61 plddt 0.82 ptm 0.51 i_ptm 0.13 rmsd 21.75 first_target_con 2.81 fold_target_con 0.03 mutation_budget 0.01 mutation_sparse 0.05
23 models [0] recycles 0 hard 0 soft 1 temp 0.05 seqid 0.99 loss 19.70 pae 0.24 i_pae 0.94 i_con 3.80 dgram_cce 0.38 fape 0.62 plddt 0.82 ptm 0.51 i_ptm 0.13 rmsd 18.72 first_target_con 2.57 fold_target_con 0.03 mutation_budget 0.01 mutation_sparse 0.05
24 models [0] recycles 0 hard 1 soft 1 temp 0.05 seqid 0.99 loss 19.63 pae 0.22 i_pae 0.93 i_con 3.84 dgram_cce 0.36 fape 0.60 plddt 0.81 ptm 0.52 i_ptm 0.14 rmsd 26.12 first_target_con 2.54 fold_target_con 0.02 mutation_budget 0.01 mutation_sparse 0.05
25 models [0] recycles 0 hard 1 soft 1 temp 0.05 seqid 0.99 loss 19.96 pae 0.22 i_pae 0.93 i_con 3.85 dgram_cce 0.36 fape 0.61 plddt 0.81 ptm 0.52 i_ptm 0.14 rmsd 28.97 first_target_con 2.59 fold_target_con 0.02 mutation_budget 0.01 mutation_sparse 0.05
26 models [0] recycles 0 hard 1 soft 1 temp 0.05 seqid 0.99 loss 19.60 pae 0.22 i_pae 0.93 i_con 3.83 dgram_cce 0.36 fape 0.60 plddt 0.81 ptm 0.52 i_ptm 0.13 rmsd 24.35 first_target_con 2.56 fold_target_con 0.02 mutation_budget 0.00 mutation_sparse 0.05
27 models [0] recycles 0 hard 1 soft 1 temp 0.05 seqid 0.99 loss 19.96 pae 0.22 i_pae 0.93 i_con 3.85 dgram_cce 0.36 fape 0.61 plddt 0.81 ptm 0.52 i_ptm 0.14 rmsd 28.97 first_target_con 2.59 fold_target_con 0.02 mutation_budget 0.01 mutation_sparse 0.05
28 models [0] recycles 0 hard 1 soft 1 temp 0.05 seqid 0.99 loss 19.63 pae 0.22 i_pae 0.93 i_con 3.84 dgram_cce 0.36 fape 0.60 plddt 0.81 ptm 0.52 i_ptm 0.14 rmsd 26.12 first_target_con 2.54 fold_target_con 0.02 mutation_budget 0.01 mutation_sparse 0.05
FINAL c2diff_seed610_current_fixed_b19 loss=11.069 pLDDT=0.847 ipTM=0.412 mutations=20
task 0 complete
