task=6 base=OVA-C4-IPTM80-19C states=AC->AB budget=20
target directed contacts fold=8202 first=508 second=254
1 models [0] recycles 0 hard 0 soft 0.07 temp 1 seqid 1 loss 23.65 pae 0.24 i_pae 0.95 i_con 3.92 dgram_cce 0.38 fape 0.62 plddt 0.82 ptm 0.51 i_ptm 0.12 rmsd 27.01 first_target_con 3.14 fold_target_con 0.03 mutation_budget 0.00 mutation_sparse 0.05
2 models [0] recycles 0 hard 0 soft 0.13 temp 1 seqid 1 loss 23.61 pae 0.23 i_pae 0.95 i_con 3.96 dgram_cce 0.37 fape 0.62 plddt 0.83 ptm 0.51 i_ptm 0.13 rmsd 24.96 first_target_con 3.10 fold_target_con 0.02 mutation_budget 0.01 mutation_sparse 0.06
3 models [0] recycles 0 hard 0 soft 0.20 temp 1 seqid 1 loss 23.45 pae 0.24 i_pae 0.94 i_con 3.87 dgram_cce 0.38 fape 0.62 plddt 0.82 ptm 0.51 i_ptm 0.13 rmsd 28.41 first_target_con 3.05 fold_target_con 0.03 mutation_budget 0.03 mutation_sparse 0.06
4 models [0] recycles 0 hard 0 soft 0.27 temp 1 seqid 1 loss 21.50 pae 0.24 i_pae 0.94 i_con 3.89 dgram_cce 0.37 fape 0.62 plddt 0.83 ptm 0.51 i_ptm 0.14 rmsd 26.22 first_target_con 2.73 fold_target_con 0.02 mutation_budget 0.04 mutation_sparse 0.06
5 models [0] recycles 0 hard 0 soft 0.33 temp 1 seqid 1 loss 22.18 pae 0.23 i_pae 0.94 i_con 3.90 dgram_cce 0.37 fape 0.60 plddt 0.83 ptm 0.51 i_ptm 0.13 rmsd 27.80 first_target_con 2.80 fold_target_con 0.02 mutation_budget 0.05 mutation_sparse 0.06
6 models [0] recycles 0 hard 0 soft 0.40 temp 1 seqid 1 loss 22.38 pae 0.23 i_pae 0.94 i_con 3.92 dgram_cce 0.37 fape 0.62 plddt 0.83 ptm 0.51 i_ptm 0.13 rmsd 24.68 first_target_con 2.78 fold_target_con 0.02 mutation_budget 0.07 mutation_sparse 0.07
7 models [0] recycles 0 hard 0 soft 0.47 temp 1 seqid 1 loss 20.56 pae 0.23 i_pae 0.92 i_con 3.87 dgram_cce 0.37 fape 0.61 plddt 0.83 ptm 0.52 i_ptm 0.14 rmsd 24.73 first_target_con 2.50 fold_target_con 0.02 mutation_budget 0.08 mutation_sparse 0.07
8 models [0] recycles 0 hard 0 soft 0.53 temp 1 seqid 1 loss 20.86 pae 0.23 i_pae 0.93 i_con 3.92 dgram_cce 0.37 fape 0.62 plddt 0.83 ptm 0.51 i_ptm 0.14 rmsd 23.17 first_target_con 2.53 fold_target_con 0.02 mutation_budget 0.08 mutation_sparse 0.07
9 models [0] recycles 0 hard 0 soft 0.60 temp 1 seqid 1 loss 19.10 pae 0.23 i_pae 0.92 i_con 3.93 dgram_cce 0.36 fape 0.60 plddt 0.83 ptm 0.52 i_ptm 0.14 rmsd 18.94 first_target_con 2.24 fold_target_con 0.02 mutation_budget 0.10 mutation_sparse 0.07
10 models [0] recycles 0 hard 0 soft 0.67 temp 1 seqid 1 loss 21.74 pae 0.22 i_pae 0.94 i_con 3.92 dgram_cce 0.36 fape 0.60 plddt 0.84 ptm 0.52 i_ptm 0.13 rmsd 24.81 first_target_con 2.51 fold_target_con 0.02 mutation_budget 0.14 mutation_sparse 0.07
11 models [0] recycles 0 hard 0 soft 0.73 temp 1 seqid 1 loss 22.18 pae 0.23 i_pae 0.93 i_con 3.89 dgram_cce 0.37 fape 0.61 plddt 0.83 ptm 0.51 i_ptm 0.14 rmsd 24.02 first_target_con 2.48 fold_target_con 0.02 mutation_budget 0.18 mutation_sparse 0.07
12 models [0] recycles 0 hard 0 soft 0.80 temp 1 seqid 1 loss 22.22 pae 0.23 i_pae 0.92 i_con 3.92 dgram_cce 0.37 fape 0.61 plddt 0.83 ptm 0.52 i_ptm 0.15 rmsd 20.21 first_target_con 2.38 fold_target_con 0.02 mutation_budget 0.22 mutation_sparse 0.08
13 models [0] recycles 0 hard 0 soft 0.87 temp 1 seqid 1.00 loss 18.76 pae 0.22 i_pae 0.89 i_con 3.82 dgram_cce 0.36 fape 0.50 plddt 0.84 ptm 0.53 i_ptm 0.18 rmsd 5.48 first_target_con 1.77 fold_target_con 0.02 mutation_budget 0.26 mutation_sparse 0.08
14 models [0] recycles 0 hard 0 soft 0.93 temp 1 seqid 1.00 loss 25.49 pae 0.23 i_pae 0.92 i_con 3.89 dgram_cce 0.37 fape 0.61 plddt 0.83 ptm 0.52 i_ptm 0.14 rmsd 27.37 first_target_con 2.44 fold_target_con 0.02 mutation_budget 0.37 mutation_sparse 0.08
15 models [0] recycles 0 hard 0 soft 1 temp 1 seqid 1.00 loss 26.57 pae 0.23 i_pae 0.94 i_con 3.91 dgram_cce 0.36 fape 0.61 plddt 0.83 ptm 0.51 i_ptm 0.14 rmsd 25.36 first_target_con 2.46 fold_target_con 0.02 mutation_budget 0.43 mutation_sparse 0.09
16 models [0] recycles 0 hard 0 soft 1 temp 0.78 seqid 1.00 loss 23.84 pae 0.23 i_pae 0.94 i_con 3.89 dgram_cce 0.37 fape 0.62 plddt 0.83 ptm 0.51 i_ptm 0.13 rmsd 28.35 first_target_con 2.90 fold_target_con 0.02 mutation_budget 0.10 mutation_sparse 0.07
17 models [0] recycles 0 hard 0 soft 1 temp 0.58 seqid 1.00 loss 22.25 pae 0.24 i_pae 0.94 i_con 3.90 dgram_cce 0.38 fape 0.62 plddt 0.82 ptm 0.51 i_ptm 0.13 rmsd 36.28 first_target_con 2.91 fold_target_con 0.03 mutation_budget 0.01 mutation_sparse 0.06
18 models [0] recycles 0 hard 0 soft 1 temp 0.42 seqid 0.99 loss 21.64 pae 0.24 i_pae 0.95 i_con 3.86 dgram_cce 0.38 fape 0.62 plddt 0.82 ptm 0.51 i_ptm 0.13 rmsd 27.68 first_target_con 2.85 fold_target_con 0.02 mutation_budget 0.00 mutation_sparse 0.05
19 models [0] recycles 0 hard 0 soft 1 temp 0.29 seqid 0.99 loss 19.95 pae 0.24 i_pae 0.93 i_con 3.86 dgram_cce 0.38 fape 0.62 plddt 0.82 ptm 0.51 i_ptm 0.13 rmsd 26.14 first_target_con 2.61 fold_target_con 0.03 mutation_budget 0.00 mutation_sparse 0.05
20 models [0] recycles 0 hard 0 soft 1 temp 0.18 seqid 0.99 loss 20.53 pae 0.24 i_pae 0.94 i_con 3.89 dgram_cce 0.38 fape 0.62 plddt 0.82 ptm 0.51 i_ptm 0.13 rmsd 22.84 first_target_con 2.70 fold_target_con 0.03 mutation_budget 0.00 mutation_sparse 0.05
21 models [0] recycles 0 hard 0 soft 1 temp 0.11 seqid 0.99 loss 21.76 pae 0.24 i_pae 0.95 i_con 3.90 dgram_cce 0.38 fape 0.61 plddt 0.82 ptm 0.51 i_ptm 0.13 rmsd 26.03 first_target_con 2.87 fold_target_con 0.03 mutation_budget 0.00 mutation_sparse 0.05
22 models [0] recycles 0 hard 0 soft 1 temp 0.06 seqid 0.99 loss 21.94 pae 0.24 i_pae 0.95 i_con 3.94 dgram_cce 0.38 fape 0.61 plddt 0.82 ptm 0.51 i_ptm 0.13 rmsd 27.79 first_target_con 2.89 fold_target_con 0.03 mutation_budget 0.00 mutation_sparse 0.05
23 models [0] recycles 0 hard 0 soft 1 temp 0.05 seqid 0.99 loss 21.96 pae 0.24 i_pae 0.94 i_con 3.83 dgram_cce 0.37 fape 0.61 plddt 0.82 ptm 0.51 i_ptm 0.13 rmsd 28.70 first_target_con 2.90 fold_target_con 0.02 mutation_budget 0.00 mutation_sparse 0.05
24 models [0] recycles 0 hard 1 soft 1 temp 0.05 seqid 0.99 loss 20.16 pae 0.22 i_pae 0.93 i_con 3.89 dgram_cce 0.36 fape 0.60 plddt 0.81 ptm 0.52 i_ptm 0.14 rmsd 27.33 first_target_con 2.64 fold_target_con 0.02 mutation_budget 0.00 mutation_sparse 0.05
25 models [0] recycles 0 hard 1 soft 1 temp 0.05 seqid 0.99 loss 20.01 pae 0.22 i_pae 0.93 i_con 3.89 dgram_cce 0.36 fape 0.60 plddt 0.81 ptm 0.52 i_ptm 0.14 rmsd 26.56 first_target_con 2.62 fold_target_con 0.02 mutation_budget 0.00 mutation_sparse 0.05
26 models [0] recycles 0 hard 1 soft 1 temp 0.05 seqid 0.99 loss 20.01 pae 0.22 i_pae 0.93 i_con 3.89 dgram_cce 0.36 fape 0.60 plddt 0.81 ptm 0.52 i_ptm 0.14 rmsd 26.56 first_target_con 2.62 fold_target_con 0.02 mutation_budget 0.00 mutation_sparse 0.05
27 models [0] recycles 0 hard 1 soft 1 temp 0.05 seqid 0.99 loss 20.16 pae 0.22 i_pae 0.93 i_con 3.89 dgram_cce 0.36 fape 0.60 plddt 0.81 ptm 0.52 i_ptm 0.14 rmsd 27.33 first_target_con 2.64 fold_target_con 0.02 mutation_budget 0.00 mutation_sparse 0.05
28 models [0] recycles 0 hard 1 soft 1 temp 0.05 seqid 0.99 loss 20.16 pae 0.22 i_pae 0.93 i_con 3.89 dgram_cce 0.36 fape 0.60 plddt 0.81 ptm 0.52 i_ptm 0.14 rmsd 27.33 first_target_con 2.64 fold_target_con 0.02 mutation_budget 0.00 mutation_sparse 0.05
FINAL c2diff_seed516_current_fixed_b20 loss=18.758 pLDDT=0.838 ipTM=0.180 mutations=19
target directed contacts fold=8208 first=410 second=360
1 models [0] recycles 0 hard 0 soft 0.07 temp 1 seqid 1 loss 18.48 pae 0.24 i_pae 0.96 i_con 3.93 dgram_cce 0.34 fape 0.62 plddt 0.82 ptm 0.51 i_ptm 0.12 rmsd 22.15 first_target_con 2.41 fold_target_con 0.03 mutation_budget 0 mutation_sparse 0.05
2 models [0] recycles 0 hard 0 soft 0.13 temp 1 seqid 1 loss 16.82 pae 0.24 i_pae 0.93 i_con 3.88 dgram_cce 0.35 fape 0.62 plddt 0.82 ptm 0.51 i_ptm 0.15 rmsd 22.47 first_target_con 2.17 fold_target_con 0.03 mutation_budget 0.00 mutation_sparse 0.05
3 models [0] recycles 0 hard 0 soft 0.20 temp 1 seqid 1 loss 16.02 pae 0.24 i_pae 0.94 i_con 3.95 dgram_cce 0.35 fape 0.62 plddt 0.82 ptm 0.51 i_ptm 0.14 rmsd 19.50 first_target_con 2.04 fold_target_con 0.03 mutation_budget 0.00 mutation_sparse 0.05
4 models [0] recycles 0 hard 0 soft 0.27 temp 1 seqid 1 loss 15.75 pae 0.23 i_pae 0.95 i_con 3.86 dgram_cce 0.34 fape 0.62 plddt 0.83 ptm 0.51 i_ptm 0.13 rmsd 17.44 first_target_con 2.00 fold_target_con 0.02 mutation_budget 0.01 mutation_sparse 0.06
5 models [0] recycles 0 hard 0 soft 0.33 temp 1 seqid 1 loss 14.26 pae 0.23 i_pae 0.93 i_con 3.97 dgram_cce 0.34 fape 0.62 plddt 0.83 ptm 0.51 i_ptm 0.14 rmsd 19.20 first_target_con 1.76 fold_target_con 0.02 mutation_budget 0.01 mutation_sparse 0.06
6 models [0] recycles 0 hard 0 soft 0.40 temp 1 seqid 1 loss 14.41 pae 0.23 i_pae 0.93 i_con 3.96 dgram_cce 0.33 fape 0.61 plddt 0.83 ptm 0.52 i_ptm 0.14 rmsd 22.67 first_target_con 1.78 fold_target_con 0.02 mutation_budget 0.02 mutation_sparse 0.06
7 models [0] recycles 0 hard 0 soft 0.47 temp 1 seqid 1 loss 12.40 pae 0.23 i_pae 0.90 i_con 4.04 dgram_cce 0.33 fape 0.61 plddt 0.83 ptm 0.52 i_ptm 0.16 rmsd 17.90 first_target_con 1.48 fold_target_con 0.02 mutation_budget 0.02 mutation_sparse 0.06
8 models [0] recycles 0 hard 0 soft 0.53 temp 1 seqid 1 loss 12.97 pae 0.23 i_pae 0.92 i_con 4.05 dgram_cce 0.33 fape 0.62 plddt 0.83 ptm 0.52 i_ptm 0.14 rmsd 15.74 first_target_con 1.54 fold_target_con 0.02 mutation_budget 0.03 mutation_sparse 0.06
9 models [0] recycles 0 hard 0 soft 0.60 temp 1 seqid 1 loss 12.65 pae 0.23 i_pae 0.90 i_con 4.14 dgram_cce 0.34 fape 0.62 plddt 0.83 ptm 0.52 i_ptm 0.16 rmsd 14.94 first_target_con 1.47 fold_target_con 0.02 mutation_budget 0.04 mutation_sparse 0.06
10 models [0] recycles 0 hard 0 soft 0.67 temp 1 seqid 1 loss 13.13 pae 0.23 i_pae 0.92 i_con 3.99 dgram_cce 0.34 fape 0.62 plddt 0.83 ptm 0.52 i_ptm 0.15 rmsd 19.02 first_target_con 1.54 fold_target_con 0.02 mutation_budget 0.04 mutation_sparse 0.06
11 models [0] recycles 0 hard 0 soft 0.73 temp 1 seqid 1 loss 13.71 pae 0.23 i_pae 0.91 i_con 3.94 dgram_cce 0.34 fape 0.62 plddt 0.83 ptm 0.52 i_ptm 0.15 rmsd 14.07 first_target_con 1.59 fold_target_con 0.02 mutation_budget 0.05 mutation_sparse 0.06
12 models [0] recycles 0 hard 0 soft 0.80 temp 1 seqid 1 loss 12.75 pae 0.22 i_pae 0.89 i_con 4.02 dgram_cce 0.33 fape 0.61 plddt 0.84 ptm 0.53 i_ptm 0.17 rmsd 12.33 first_target_con 1.41 fold_target_con 0.02 mutation_budget 0.07 mutation_sparse 0.07
13 models [0] recycles 0 hard 0 soft 0.87 temp 1 seqid 1 loss 14.22 pae 0.23 i_pae 0.92 i_con 3.96 dgram_cce 0.34 fape 0.62 plddt 0.83 ptm 0.52 i_ptm 0.15 rmsd 10.73 first_target_con 1.59 fold_target_con 0.02 mutation_budget 0.08 mutation_sparse 0.07
14 models [0] recycles 0 hard 0 soft 0.93 temp 1 seqid 1 loss 15.57 pae 0.23 i_pae 0.93 i_con 4.00 dgram_cce 0.34 fape 0.62 plddt 0.83 ptm 0.51 i_ptm 0.14 rmsd 13.83 first_target_con 1.74 fold_target_con 0.02 mutation_budget 0.09 mutation_sparse 0.07
15 models [0] recycles 0 hard 0 soft 1 temp 1 seqid 1 loss 16.91 pae 0.22 i_pae 0.94 i_con 3.91 dgram_cce 0.33 fape 0.62 plddt 0.84 ptm 0.52 i_ptm 0.14 rmsd 14.64 first_target_con 1.90 fold_target_con 0.02 mutation_budget 0.11 mutation_sparse 0.07
16 models [0] recycles 0 hard 0 soft 1 temp 0.78 seqid 1 loss 14.94 pae 0.23 i_pae 0.93 i_con 3.86 dgram_cce 0.34 fape 0.62 plddt 0.82 ptm 0.51 i_ptm 0.14 rmsd 15.77 first_target_con 1.81 fold_target_con 0.02 mutation_budget 0.03 mutation_sparse 0.06
17 models [0] recycles 0 hard 0 soft 1 temp 0.58 seqid 1 loss 15.66 pae 0.24 i_pae 0.94 i_con 3.87 dgram_cce 0.34 fape 0.62 plddt 0.82 ptm 0.51 i_ptm 0.14 rmsd 14.57 first_target_con 2.00 fold_target_con 0.03 mutation_budget 0.00 mutation_sparse 0.05
18 models [0] recycles 0 hard 0 soft 1 temp 0.42 seqid 1.00 loss 16.61 pae 0.24 i_pae 0.95 i_con 3.92 dgram_cce 0.34 fape 0.63 plddt 0.82 ptm 0.51 i_ptm 0.13 rmsd 19.31 first_target_con 2.14 fold_target_con 0.03 mutation_budget 0 mutation_sparse 0.05
19 models [0] recycles 0 hard 0 soft 1 temp 0.29 seqid 1.00 loss 15.95 pae 0.24 i_pae 0.94 i_con 4.02 dgram_cce 0.34 fape 0.62 plddt 0.83 ptm 0.51 i_ptm 0.13 rmsd 9.97 first_target_con 2.04 fold_target_con 0.02 mutation_budget 0 mutation_sparse 0.05
20 models [0] recycles 0 hard 0 soft 1 temp 0.18 seqid 0.99 loss 16.97 pae 0.23 i_pae 0.95 i_con 4.06 dgram_cce 0.34 fape 0.62 plddt 0.83 ptm 0.51 i_ptm 0.13 rmsd 17.31 first_target_con 2.19 fold_target_con 0.02 mutation_budget 0 mutation_sparse 0.05
21 models [0] recycles 0 hard 0 soft 1 temp 0.11 seqid 0.99 loss 15.44 pae 0.24 i_pae 0.94 i_con 3.96 dgram_cce 0.34 fape 0.62 plddt 0.82 ptm 0.51 i_ptm 0.13 rmsd 9.55 first_target_con 1.97 fold_target_con 0.02 mutation_budget 0 mutation_sparse 0.05
22 models [0] recycles 0 hard 0 soft 1 temp 0.06 seqid 0.99 loss 19.15 pae 0.25 i_pae 0.96 i_con 3.89 dgram_cce 0.35 fape 0.63 plddt 0.81 ptm 0.50 i_ptm 0.12 rmsd 17.96 first_target_con 2.50 fold_target_con 0.03 mutation_budget 0 mutation_sparse 0.05
23 models [0] recycles 0 hard 0 soft 1 temp 0.05 seqid 1.00 loss 15.88 pae 0.24 i_pae 0.94 i_con 3.94 dgram_cce 0.34 fape 0.62 plddt 0.82 ptm 0.51 i_ptm 0.14 rmsd 13.50 first_target_con 2.04 fold_target_con 0.02 mutation_budget 0 mutation_sparse 0.05
24 models [0] recycles 0 hard 1 soft 1 temp 0.05 seqid 0.99 loss 15.63 pae 0.22 i_pae 0.94 i_con 3.94 dgram_cce 0.33 fape 0.61 plddt 0.81 ptm 0.52 i_ptm 0.13 rmsd 11.92 first_target_con 2.00 fold_target_con 0.02 mutation_budget 0 mutation_sparse 0.05
25 models [0] recycles 0 hard 1 soft 1 temp 0.05 seqid 1.00 loss 14.48 pae 0.22 i_pae 0.93 i_con 3.93 dgram_cce 0.33 fape 0.61 plddt 0.81 ptm 0.52 i_ptm 0.14 rmsd 13.96 first_target_con 1.84 fold_target_con 0.02 mutation_budget 0 mutation_sparse 0.05
26 models [0] recycles 0 hard 1 soft 1 temp 0.05 seqid 0.99 loss 14.72 pae 0.22 i_pae 0.93 i_con 3.94 dgram_cce 0.33 fape 0.61 plddt 0.82 ptm 0.52 i_ptm 0.14 rmsd 11.32 first_target_con 1.87 fold_target_con 0.02 mutation_budget 0 mutation_sparse 0.05
27 models [0] recycles 0 hard 1 soft 1 temp 0.05 seqid 0.99 loss 15.63 pae 0.22 i_pae 0.94 i_con 3.94 dgram_cce 0.33 fape 0.61 plddt 0.81 ptm 0.52 i_ptm 0.13 rmsd 11.92 first_target_con 2.00 fold_target_con 0.02 mutation_budget 0 mutation_sparse 0.05
28 models [0] recycles 0 hard 1 soft 1 temp 0.05 seqid 1.00 loss 15.53 pae 0.22 i_pae 0.93 i_con 3.92 dgram_cce 0.33 fape 0.61 plddt 0.81 ptm 0.52 i_ptm 0.14 rmsd 13.72 first_target_con 1.99 fold_target_con 0.02 mutation_budget 0 mutation_sparse 0.05
FINAL c2diff_seed616_current_fixed_b20 loss=12.395 pLDDT=0.831 ipTM=0.162 mutations=19
task 6 complete
