task=1 base=OVA-C4-IPTM80-19A states=AC->AB budget=20
target directed contacts fold=8202 first=508 second=254
1 models [0] recycles 0 hard 0 soft 0.07 temp 1 seqid 1 loss 21.49 pae 0.24 i_pae 0.94 i_con 3.80 dgram_cce 0.38 fape 0.62 plddt 0.81 ptm 0.51 i_ptm 0.13 rmsd 24.39 first_target_con 2.83 fold_target_con 0.03 mutation_budget 0.00 mutation_sparse 0.05
2 models [0] recycles 0 hard 0 soft 0.13 temp 1 seqid 1 loss 21.50 pae 0.24 i_pae 0.95 i_con 3.87 dgram_cce 0.37 fape 0.61 plddt 0.82 ptm 0.51 i_ptm 0.13 rmsd 21.50 first_target_con 2.82 fold_target_con 0.02 mutation_budget 0.01 mutation_sparse 0.06
3 models [0] recycles 0 hard 0 soft 0.20 temp 1 seqid 1 loss 20.88 pae 0.24 i_pae 0.94 i_con 3.72 dgram_cce 0.38 fape 0.62 plddt 0.81 ptm 0.51 i_ptm 0.14 rmsd 22.73 first_target_con 2.71 fold_target_con 0.03 mutation_budget 0.01 mutation_sparse 0.06
4 models [0] recycles 0 hard 0 soft 0.27 temp 1 seqid 1 loss 19.60 pae 0.24 i_pae 0.93 i_con 3.74 dgram_cce 0.38 fape 0.62 plddt 0.82 ptm 0.51 i_ptm 0.14 rmsd 21.96 first_target_con 2.50 fold_target_con 0.03 mutation_budget 0.03 mutation_sparse 0.06
5 models [0] recycles 0 hard 0 soft 0.33 temp 1 seqid 1 loss 16.60 pae 0.24 i_pae 0.90 i_con 3.80 dgram_cce 0.37 fape 0.57 plddt 0.82 ptm 0.52 i_ptm 0.16 rmsd 12.60 first_target_con 2.04 fold_target_con 0.02 mutation_budget 0.04 mutation_sparse 0.06
6 models [0] recycles 0 hard 0 soft 0.40 temp 1 seqid 1 loss 8.87 pae 0.22 i_pae 0.68 i_con 3.90 dgram_cce 0.34 fape 0.36 plddt 0.84 ptm 0.63 i_ptm 0.37 rmsd 3.03 first_target_con 0.86 fold_target_con 0.02 mutation_budget 0.08 mutation_sparse 0.07
7 models [0] recycles 0 hard 0 soft 0.47 temp 1 seqid 1 loss 8.00 pae 0.22 i_pae 0.60 i_con 4.09 dgram_cce 0.34 fape 0.36 plddt 0.85 ptm 0.67 i_ptm 0.46 rmsd 1.99 first_target_con 0.61 fold_target_con 0.02 mutation_budget 0.13 mutation_sparse 0.07
8 models [0] recycles 0 hard 0 soft 0.53 temp 1 seqid 1 loss 7.74 pae 0.21 i_pae 0.58 i_con 4.13 dgram_cce 0.33 fape 0.35 plddt 0.85 ptm 0.68 i_ptm 0.48 rmsd 1.91 first_target_con 0.56 fold_target_con 0.02 mutation_budget 0.13 mutation_sparse 0.07
9 models [0] recycles 0 hard 0 soft 0.60 temp 1 seqid 1 loss 6.72 pae 0.21 i_pae 0.50 i_con 4.21 dgram_cce 0.33 fape 0.39 plddt 0.86 ptm 0.73 i_ptm 0.57 rmsd 3.33 first_target_con 0.41 fold_target_con 0.02 mutation_budget 0.13 mutation_sparse 0.07
10 models [0] recycles 0 hard 0 soft 0.67 temp 1 seqid 1 loss 9.94 pae 0.22 i_pae 0.67 i_con 3.96 dgram_cce 0.35 fape 0.38 plddt 0.84 ptm 0.63 i_ptm 0.39 rmsd 3.56 first_target_con 0.82 fold_target_con 0.02 mutation_budget 0.15 mutation_sparse 0.07
11 models [0] recycles 0 hard 0 soft 0.73 temp 1 seqid 1.00 loss 8.49 pae 0.22 i_pae 0.52 i_con 4.37 dgram_cce 0.33 fape 0.34 plddt 0.85 ptm 0.72 i_ptm 0.56 rmsd 1.36 first_target_con 0.40 fold_target_con 0.02 mutation_budget 0.23 mutation_sparse 0.08
12 models [0] recycles 0 hard 0 soft 0.80 temp 1 seqid 1.00 loss 20.20 pae 0.23 i_pae 0.91 i_con 3.82 dgram_cce 0.36 fape 0.62 plddt 0.81 ptm 0.52 i_ptm 0.16 rmsd 22.02 first_target_con 2.07 fold_target_con 0.02 mutation_budget 0.23 mutation_sparse 0.08
13 models [0] recycles 0 hard 0 soft 0.87 temp 1 seqid 1.00 loss 9.98 pae 0.22 i_pae 0.51 i_con 4.27 dgram_cce 0.33 fape 0.33 plddt 0.86 ptm 0.72 i_ptm 0.55 rmsd 1.39 first_target_con 0.42 fold_target_con 0.02 mutation_budget 0.31 mutation_sparse 0.08
14 models [0] recycles 0 hard 0 soft 0.93 temp 1 seqid 1.00 loss 19.78 pae 0.23 i_pae 0.88 i_con 3.80 dgram_cce 0.36 fape 0.51 plddt 0.83 ptm 0.53 i_ptm 0.18 rmsd 5.41 first_target_con 1.76 fold_target_con 0.02 mutation_budget 0.32 mutation_sparse 0.08
15 models [0] recycles 0 hard 0 soft 1 temp 1 seqid 1.00 loss 17.97 pae 0.23 i_pae 0.78 i_con 3.84 dgram_cce 0.36 fape 0.38 plddt 0.83 ptm 0.58 i_ptm 0.28 rmsd 2.28 first_target_con 1.24 fold_target_con 0.02 mutation_budget 0.43 mutation_sparse 0.09
16 models [0] recycles 0 hard 0 soft 1 temp 0.78 seqid 0.99 loss 22.32 pae 0.24 i_pae 0.94 i_con 3.85 dgram_cce 0.37 fape 0.61 plddt 0.82 ptm 0.51 i_ptm 0.13 rmsd 28.69 first_target_con 2.62 fold_target_con 0.02 mutation_budget 0.13 mutation_sparse 0.07
17 models [0] recycles 0 hard 0 soft 1 temp 0.58 seqid 0.99 loss 19.74 pae 0.24 i_pae 0.94 i_con 3.83 dgram_cce 0.37 fape 0.61 plddt 0.82 ptm 0.51 i_ptm 0.14 rmsd 23.27 first_target_con 2.55 fold_target_con 0.02 mutation_budget 0.01 mutation_sparse 0.06
18 models [0] recycles 0 hard 0 soft 1 temp 0.42 seqid 0.99 loss 20.37 pae 0.25 i_pae 0.94 i_con 3.81 dgram_cce 0.38 fape 0.62 plddt 0.81 ptm 0.51 i_ptm 0.13 rmsd 28.34 first_target_con 2.67 fold_target_con 0.03 mutation_budget 0.00 mutation_sparse 0.05
19 models [0] recycles 0 hard 0 soft 1 temp 0.29 seqid 0.99 loss 19.07 pae 0.25 i_pae 0.93 i_con 3.79 dgram_cce 0.38 fape 0.61 plddt 0.81 ptm 0.51 i_ptm 0.14 rmsd 20.28 first_target_con 2.49 fold_target_con 0.03 mutation_budget 0.00 mutation_sparse 0.05
20 models [0] recycles 0 hard 0 soft 1 temp 0.18 seqid 0.99 loss 14.20 pae 0.23 i_pae 0.88 i_con 3.84 dgram_cce 0.37 fape 0.50 plddt 0.83 ptm 0.54 i_ptm 0.18 rmsd 4.25 first_target_con 1.80 fold_target_con 0.02 mutation_budget 0.00 mutation_sparse 0.05
21 models [0] recycles 0 hard 0 soft 1 temp 0.11 seqid 0.99 loss 19.70 pae 0.24 i_pae 0.94 i_con 3.85 dgram_cce 0.38 fape 0.61 plddt 0.82 ptm 0.51 i_ptm 0.13 rmsd 21.96 first_target_con 2.57 fold_target_con 0.03 mutation_budget 0.00 mutation_sparse 0.05
22 models [0] recycles 0 hard 0 soft 1 temp 0.06 seqid 0.99 loss 17.14 pae 0.24 i_pae 0.92 i_con 3.90 dgram_cce 0.37 fape 0.60 plddt 0.82 ptm 0.51 i_ptm 0.14 rmsd 19.65 first_target_con 2.21 fold_target_con 0.03 mutation_budget 0.00 mutation_sparse 0.05
23 models [0] recycles 0 hard 0 soft 1 temp 0.05 seqid 0.99 loss 13.71 pae 0.23 i_pae 0.86 i_con 3.80 dgram_cce 0.37 fape 0.49 plddt 0.82 ptm 0.54 i_ptm 0.19 rmsd 6.92 first_target_con 1.73 fold_target_con 0.02 mutation_budget 0.00 mutation_sparse 0.05
24 models [0] recycles 0 hard 1 soft 1 temp 0.05 seqid 0.99 loss 4.43 pae 0.21 i_pae 0.50 i_con 4.23 dgram_cce 0.32 fape 0.31 plddt 0.84 ptm 0.73 i_ptm 0.57 rmsd 1.20 first_target_con 0.43 fold_target_con 0.02 mutation_budget 0 mutation_sparse 0.05
25 models [0] recycles 0 hard 1 soft 1 temp 0.05 seqid 0.99 loss 5.31 pae 0.21 i_pae 0.55 i_con 4.08 dgram_cce 0.33 fape 0.32 plddt 0.83 ptm 0.70 i_ptm 0.49 rmsd 1.41 first_target_con 0.55 fold_target_con 0.02 mutation_budget 0.00 mutation_sparse 0.05
26 models [0] recycles 0 hard 1 soft 1 temp 0.05 seqid 0.99 loss 4.99 pae 0.21 i_pae 0.54 i_con 4.11 dgram_cce 0.32 fape 0.31 plddt 0.84 ptm 0.71 i_ptm 0.51 rmsd 1.08 first_target_con 0.50 fold_target_con 0.02 mutation_budget 0.00 mutation_sparse 0.05
27 models [0] recycles 0 hard 1 soft 1 temp 0.05 seqid 0.99 loss 4.67 pae 0.21 i_pae 0.52 i_con 4.18 dgram_cce 0.32 fape 0.31 plddt 0.84 ptm 0.72 i_ptm 0.53 rmsd 1.18 first_target_con 0.46 fold_target_con 0.02 mutation_budget 0.00 mutation_sparse 0.05
28 models [0] recycles 0 hard 1 soft 1 temp 0.05 seqid 0.99 loss 4.43 pae 0.21 i_pae 0.50 i_con 4.23 dgram_cce 0.32 fape 0.31 plddt 0.84 ptm 0.73 i_ptm 0.57 rmsd 1.20 first_target_con 0.43 fold_target_con 0.02 mutation_budget 0 mutation_sparse 0.05
FINAL c2diff_seed511_current_fixed_b20 loss=4.429 pLDDT=0.843 ipTM=0.565 mutations=20
target directed contacts fold=8208 first=410 second=360
1 models [0] recycles 0 hard 0 soft 0.07 temp 1 seqid 1 loss 22.96 pae 0.24 i_pae 0.95 i_con 3.86 dgram_cce 0.34 fape 0.63 plddt 0.82 ptm 0.51 i_ptm 0.13 rmsd 25.76 first_target_con 3.04 fold_target_con 0.03 mutation_budget 0.00 mutation_sparse 0.05
2 models [0] recycles 0 hard 0 soft 0.13 temp 1 seqid 1 loss 23.40 pae 0.24 i_pae 0.95 i_con 3.81 dgram_cce 0.35 fape 0.63 plddt 0.81 ptm 0.51 i_ptm 0.13 rmsd 27.44 first_target_con 3.10 fold_target_con 0.03 mutation_budget 0.00 mutation_sparse 0.05
3 models [0] recycles 0 hard 0 soft 0.20 temp 1 seqid 1 loss 22.42 pae 0.25 i_pae 0.95 i_con 3.85 dgram_cce 0.35 fape 0.63 plddt 0.81 ptm 0.50 i_ptm 0.12 rmsd 27.29 first_target_con 2.95 fold_target_con 0.03 mutation_budget 0.01 mutation_sparse 0.06
4 models [0] recycles 0 hard 0 soft 0.27 temp 1 seqid 1 loss 22.75 pae 0.24 i_pae 0.95 i_con 3.77 dgram_cce 0.35 fape 0.63 plddt 0.82 ptm 0.51 i_ptm 0.12 rmsd 25.28 first_target_con 2.98 fold_target_con 0.02 mutation_budget 0.01 mutation_sparse 0.06
5 models [0] recycles 0 hard 0 soft 0.33 temp 1 seqid 1 loss 20.72 pae 0.24 i_pae 0.94 i_con 3.84 dgram_cce 0.34 fape 0.63 plddt 0.81 ptm 0.51 i_ptm 0.13 rmsd 27.81 first_target_con 2.69 fold_target_con 0.03 mutation_budget 0.02 mutation_sparse 0.06
6 models [0] recycles 0 hard 0 soft 0.40 temp 1 seqid 1 loss 16.22 pae 0.24 i_pae 0.94 i_con 3.89 dgram_cce 0.34 fape 0.63 plddt 0.82 ptm 0.51 i_ptm 0.13 rmsd 26.35 first_target_con 2.02 fold_target_con 0.03 mutation_budget 0.03 mutation_sparse 0.06
7 models [0] recycles 0 hard 0 soft 0.47 temp 1 seqid 1 loss 17.76 pae 0.24 i_pae 0.95 i_con 3.95 dgram_cce 0.34 fape 0.63 plddt 0.82 ptm 0.51 i_ptm 0.13 rmsd 25.65 first_target_con 2.20 fold_target_con 0.03 mutation_budget 0.04 mutation_sparse 0.06
8 models [0] recycles 0 hard 0 soft 0.53 temp 1 seqid 1 loss 18.40 pae 0.24 i_pae 0.95 i_con 3.88 dgram_cce 0.34 fape 0.63 plddt 0.82 ptm 0.51 i_ptm 0.13 rmsd 20.87 first_target_con 2.28 fold_target_con 0.02 mutation_budget 0.04 mutation_sparse 0.06
9 models [0] recycles 0 hard 0 soft 0.60 temp 1 seqid 1 loss 17.75 pae 0.24 i_pae 0.95 i_con 3.89 dgram_cce 0.34 fape 0.63 plddt 0.82 ptm 0.51 i_ptm 0.13 rmsd 25.47 first_target_con 2.15 fold_target_con 0.02 mutation_budget 0.06 mutation_sparse 0.06
10 models [0] recycles 0 hard 0 soft 0.67 temp 1 seqid 1 loss 17.64 pae 0.23 i_pae 0.95 i_con 3.97 dgram_cce 0.34 fape 0.63 plddt 0.83 ptm 0.51 i_ptm 0.13 rmsd 12.58 first_target_con 2.08 fold_target_con 0.02 mutation_budget 0.08 mutation_sparse 0.07
11 models [0] recycles 0 hard 0 soft 0.73 temp 1 seqid 1 loss 15.91 pae 0.24 i_pae 0.94 i_con 4.03 dgram_cce 0.34 fape 0.62 plddt 0.83 ptm 0.51 i_ptm 0.13 rmsd 15.55 first_target_con 1.78 fold_target_con 0.02 mutation_budget 0.10 mutation_sparse 0.07
12 models [0] recycles 0 hard 0 soft 0.80 temp 1 seqid 1 loss 17.23 pae 0.23 i_pae 0.94 i_con 4.03 dgram_cce 0.34 fape 0.62 plddt 0.82 ptm 0.51 i_ptm 0.13 rmsd 13.10 first_target_con 1.90 fold_target_con 0.02 mutation_budget 0.12 mutation_sparse 0.07
13 models [0] recycles 0 hard 0 soft 0.87 temp 1 seqid 1.00 loss 19.79 pae 0.23 i_pae 0.95 i_con 4.05 dgram_cce 0.34 fape 0.62 plddt 0.82 ptm 0.51 i_ptm 0.12 rmsd 17.56 first_target_con 2.19 fold_target_con 0.02 mutation_budget 0.15 mutation_sparse 0.07
14 models [0] recycles 0 hard 0 soft 0.93 temp 1 seqid 0.99 loss 21.61 pae 0.23 i_pae 0.96 i_con 3.93 dgram_cce 0.34 fape 0.62 plddt 0.82 ptm 0.51 i_ptm 0.12 rmsd 20.94 first_target_con 2.37 fold_target_con 0.02 mutation_budget 0.19 mutation_sparse 0.07
15 models [0] recycles 0 hard 0 soft 1 temp 1 seqid 0.99 loss 20.61 pae 0.24 i_pae 0.96 i_con 3.94 dgram_cce 0.34 fape 0.62 plddt 0.82 ptm 0.51 i_ptm 0.12 rmsd 19.20 first_target_con 2.15 fold_target_con 0.02 mutation_budget 0.22 mutation_sparse 0.08
16 models [0] recycles 0 hard 0 soft 1 temp 0.78 seqid 0.99 loss 21.42 pae 0.23 i_pae 0.96 i_con 3.92 dgram_cce 0.34 fape 0.62 plddt 0.83 ptm 0.51 i_ptm 0.12 rmsd 17.98 first_target_con 2.55 fold_target_con 0.02 mutation_budget 0.11 mutation_sparse 0.07
17 models [0] recycles 0 hard 0 soft 1 temp 0.58 seqid 0.99 loss 18.10 pae 0.24 i_pae 0.96 i_con 3.88 dgram_cce 0.35 fape 0.62 plddt 0.82 ptm 0.51 i_ptm 0.12 rmsd 25.98 first_target_con 2.22 fold_target_con 0.02 mutation_budget 0.05 mutation_sparse 0.06
18 models [0] recycles 0 hard 0 soft 1 temp 0.42 seqid 0.99 loss 17.46 pae 0.24 i_pae 0.95 i_con 3.84 dgram_cce 0.34 fape 0.63 plddt 0.82 ptm 0.51 i_ptm 0.13 rmsd 26.82 first_target_con 2.20 fold_target_con 0.03 mutation_budget 0.02 mutation_sparse 0.06
19 models [0] recycles 0 hard 0 soft 1 temp 0.29 seqid 0.99 loss 18.08 pae 0.24 i_pae 0.95 i_con 3.81 dgram_cce 0.34 fape 0.62 plddt 0.82 ptm 0.51 i_ptm 0.13 rmsd 30.75 first_target_con 2.31 fold_target_con 0.02 mutation_budget 0.01 mutation_sparse 0.06
20 models [0] recycles 0 hard 0 soft 1 temp 0.18 seqid 0.99 loss 18.44 pae 0.23 i_pae 0.96 i_con 3.85 dgram_cce 0.35 fape 0.63 plddt 0.82 ptm 0.51 i_ptm 0.12 rmsd 28.97 first_target_con 2.36 fold_target_con 0.02 mutation_budget 0.01 mutation_sparse 0.06
21 models [0] recycles 0 hard 0 soft 1 temp 0.11 seqid 0.99 loss 19.22 pae 0.23 i_pae 0.95 i_con 3.75 dgram_cce 0.35 fape 0.62 plddt 0.82 ptm 0.51 i_ptm 0.12 rmsd 23.37 first_target_con 2.48 fold_target_con 0.02 mutation_budget 0.01 mutation_sparse 0.06
22 models [0] recycles 0 hard 0 soft 1 temp 0.06 seqid 0.99 loss 17.27 pae 0.24 i_pae 0.95 i_con 3.76 dgram_cce 0.34 fape 0.63 plddt 0.82 ptm 0.51 i_ptm 0.13 rmsd 28.30 first_target_con 2.18 fold_target_con 0.03 mutation_budget 0.02 mutation_sparse 0.06
23 models [0] recycles 0 hard 0 soft 1 temp 0.05 seqid 0.99 loss 17.64 pae 0.24 i_pae 0.95 i_con 3.85 dgram_cce 0.34 fape 0.63 plddt 0.83 ptm 0.51 i_ptm 0.13 rmsd 23.37 first_target_con 2.23 fold_target_con 0.02 mutation_budget 0.02 mutation_sparse 0.06
24 models [0] recycles 0 hard 1 soft 1 temp 0.05 seqid 0.99 loss 15.41 pae 0.22 i_pae 0.94 i_con 3.86 dgram_cce 0.32 fape 0.61 plddt 0.82 ptm 0.51 i_ptm 0.13 rmsd 23.67 first_target_con 1.91 fold_target_con 0.02 mutation_budget 0.02 mutation_sparse 0.06
25 models [0] recycles 0 hard 1 soft 1 temp 0.05 seqid 0.98 loss 15.31 pae 0.21 i_pae 0.94 i_con 3.90 dgram_cce 0.32 fape 0.61 plddt 0.82 ptm 0.52 i_ptm 0.14 rmsd 24.22 first_target_con 1.90 fold_target_con 0.02 mutation_budget 0.02 mutation_sparse 0.06
26 models [0] recycles 0 hard 1 soft 1 temp 0.05 seqid 0.98 loss 14.77 pae 0.21 i_pae 0.93 i_con 3.88 dgram_cce 0.32 fape 0.61 plddt 0.82 ptm 0.52 i_ptm 0.14 rmsd 24.38 first_target_con 1.82 fold_target_con 0.02 mutation_budget 0.02 mutation_sparse 0.06
27 models [0] recycles 0 hard 1 soft 1 temp 0.05 seqid 0.98 loss 16.60 pae 0.22 i_pae 0.95 i_con 3.83 dgram_cce 0.33 fape 0.61 plddt 0.81 ptm 0.51 i_ptm 0.13 rmsd 21.76 first_target_con 2.12 fold_target_con 0.02 mutation_budget 0.01 mutation_sparse 0.06
28 models [0] recycles 0 hard 1 soft 1 temp 0.05 seqid 0.98 loss 15.31 pae 0.21 i_pae 0.94 i_con 3.90 dgram_cce 0.32 fape 0.61 plddt 0.82 ptm 0.52 i_ptm 0.14 rmsd 24.22 first_target_con 1.90 fold_target_con 0.02 mutation_budget 0.02 mutation_sparse 0.06
FINAL c2diff_seed611_current_fixed_b20 loss=14.770 pLDDT=0.819 ipTM=0.140 mutations=23
task 1 complete
